Archive member included to satisfy reference by file (symbol)

c:/st/stm32cubeide_1.0.2/stm32cubeide/plugins/com.st.stm32cube.ide.mcu.externaltools.gnu-tools-for-stm32.7-2018-q2-update.win32_1.0.0.201904181610/tools/bin/../lib/gcc/arm-none-eabi/7.3.1/../../../../arm-none-eabi/lib/thumb/v7e-m/fpv4-sp/hard\libc_nano.a(lib_a-errno.o)
                              Src/syscalls.o (__errno)
c:/st/stm32cubeide_1.0.2/stm32cubeide/plugins/com.st.stm32cube.ide.mcu.externaltools.gnu-tools-for-stm32.7-2018-q2-update.win32_1.0.0.201904181610/tools/bin/../lib/gcc/arm-none-eabi/7.3.1/../../../../arm-none-eabi/lib/thumb/v7e-m/fpv4-sp/hard\libc_nano.a(lib_a-exit.o)
                              c:/st/stm32cubeide_1.0.2/stm32cubeide/plugins/com.st.stm32cube.ide.mcu.externaltools.gnu-tools-for-stm32.7-2018-q2-update.win32_1.0.0.201904181610/tools/bin/../lib/gcc/arm-none-eabi/7.3.1/../../../../arm-none-eabi/lib/thumb/v7e-m/fpv4-sp/hard/crt0.o (exit)
c:/st/stm32cubeide_1.0.2/stm32cubeide/plugins/com.st.stm32cube.ide.mcu.externaltools.gnu-tools-for-stm32.7-2018-q2-update.win32_1.0.0.201904181610/tools/bin/../lib/gcc/arm-none-eabi/7.3.1/../../../../arm-none-eabi/lib/thumb/v7e-m/fpv4-sp/hard\libc_nano.a(lib_a-impure.o)
                              c:/st/stm32cubeide_1.0.2/stm32cubeide/plugins/com.st.stm32cube.ide.mcu.externaltools.gnu-tools-for-stm32.7-2018-q2-update.win32_1.0.0.201904181610/tools/bin/../lib/gcc/arm-none-eabi/7.3.1/../../../../arm-none-eabi/lib/thumb/v7e-m/fpv4-sp/hard\libc_nano.a(lib_a-exit.o) (_global_impure_ptr)
c:/st/stm32cubeide_1.0.2/stm32cubeide/plugins/com.st.stm32cube.ide.mcu.externaltools.gnu-tools-for-stm32.7-2018-q2-update.win32_1.0.0.201904181610/tools/bin/../lib/gcc/arm-none-eabi/7.3.1/../../../../arm-none-eabi/lib/thumb/v7e-m/fpv4-sp/hard\libc_nano.a(lib_a-init.o)
                              c:/st/stm32cubeide_1.0.2/stm32cubeide/plugins/com.st.stm32cube.ide.mcu.externaltools.gnu-tools-for-stm32.7-2018-q2-update.win32_1.0.0.201904181610/tools/bin/../lib/gcc/arm-none-eabi/7.3.1/../../../../arm-none-eabi/lib/thumb/v7e-m/fpv4-sp/hard/crt0.o (__libc_init_array)
c:/st/stm32cubeide_1.0.2/stm32cubeide/plugins/com.st.stm32cube.ide.mcu.externaltools.gnu-tools-for-stm32.7-2018-q2-update.win32_1.0.0.201904181610/tools/bin/../lib/gcc/arm-none-eabi/7.3.1/../../../../arm-none-eabi/lib/thumb/v7e-m/fpv4-sp/hard\libc_nano.a(lib_a-memset.o)
                              c:/st/stm32cubeide_1.0.2/stm32cubeide/plugins/com.st.stm32cube.ide.mcu.externaltools.gnu-tools-for-stm32.7-2018-q2-update.win32_1.0.0.201904181610/tools/bin/../lib/gcc/arm-none-eabi/7.3.1/../../../../arm-none-eabi/lib/thumb/v7e-m/fpv4-sp/hard/crt0.o (memset)
c:/st/stm32cubeide_1.0.2/stm32cubeide/plugins/com.st.stm32cube.ide.mcu.externaltools.gnu-tools-for-stm32.7-2018-q2-update.win32_1.0.0.201904181610/tools/bin/../lib/gcc/arm-none-eabi/7.3.1/../../../../arm-none-eabi/lib/thumb/v7e-m/fpv4-sp/hard\libc_nano.a(lib_a-sprintf.o)
                              Src/main.o (sprintf)
c:/st/stm32cubeide_1.0.2/stm32cubeide/plugins/com.st.stm32cube.ide.mcu.externaltools.gnu-tools-for-stm32.7-2018-q2-update.win32_1.0.0.201904181610/tools/bin/../lib/gcc/arm-none-eabi/7.3.1/../../../../arm-none-eabi/lib/thumb/v7e-m/fpv4-sp/hard\libc_nano.a(lib_a-nano-svfprintf.o)
                              c:/st/stm32cubeide_1.0.2/stm32cubeide/plugins/com.st.stm32cube.ide.mcu.externaltools.gnu-tools-for-stm32.7-2018-q2-update.win32_1.0.0.201904181610/tools/bin/../lib/gcc/arm-none-eabi/7.3.1/../../../../arm-none-eabi/lib/thumb/v7e-m/fpv4-sp/hard\libc_nano.a(lib_a-sprintf.o) (_svfprintf_r)
c:/st/stm32cubeide_1.0.2/stm32cubeide/plugins/com.st.stm32cube.ide.mcu.externaltools.gnu-tools-for-stm32.7-2018-q2-update.win32_1.0.0.201904181610/tools/bin/../lib/gcc/arm-none-eabi/7.3.1/../../../../arm-none-eabi/lib/thumb/v7e-m/fpv4-sp/hard\libc_nano.a(lib_a-nano-vfprintf_i.o)
                              c:/st/stm32cubeide_1.0.2/stm32cubeide/plugins/com.st.stm32cube.ide.mcu.externaltools.gnu-tools-for-stm32.7-2018-q2-update.win32_1.0.0.201904181610/tools/bin/../lib/gcc/arm-none-eabi/7.3.1/../../../../arm-none-eabi/lib/thumb/v7e-m/fpv4-sp/hard\libc_nano.a(lib_a-nano-svfprintf.o) (_printf_i)
c:/st/stm32cubeide_1.0.2/stm32cubeide/plugins/com.st.stm32cube.ide.mcu.externaltools.gnu-tools-for-stm32.7-2018-q2-update.win32_1.0.0.201904181610/tools/bin/../lib/gcc/arm-none-eabi/7.3.1/../../../../arm-none-eabi/lib/thumb/v7e-m/fpv4-sp/hard\libc_nano.a(lib_a-memchr.o)
                              c:/st/stm32cubeide_1.0.2/stm32cubeide/plugins/com.st.stm32cube.ide.mcu.externaltools.gnu-tools-for-stm32.7-2018-q2-update.win32_1.0.0.201904181610/tools/bin/../lib/gcc/arm-none-eabi/7.3.1/../../../../arm-none-eabi/lib/thumb/v7e-m/fpv4-sp/hard\libc_nano.a(lib_a-nano-svfprintf.o) (memchr)
[...]
Memory Configuration

Name             Origin             Length             Attributes
CCMRAM           0x0000000010000000 0x0000000000010000 xrw
RAM              0x0000000020000000 0x0000000000020000 xrw
FLASH            0x0000000008000000 0x0000000000100000 xr
*default*        0x0000000000000000 0xffffffffffffffff

Linker script and memory map

LOAD c:/st/stm32cubeide_1.0.2/stm32cubeide/plugins/com.st.stm32cube.ide.mcu.externaltools.gnu-tools-for-stm32.7-2018-q2-update.win32_1.0.0.201904181610/tools/bin/../lib/gcc/arm-none-eabi/7.3.1/thumb/v7e-m/fpv4-sp/hard/crti.o
LOAD c:/st/stm32cubeide_1.0.2/stm32cubeide/plugins/com.st.stm32cube.ide.mcu.externaltools.gnu-tools-for-stm32.7-2018-q2-update.win32_1.0.0.201904181610/tools/bin/../lib/gcc/arm-none-eabi/7.3.1/thumb/v7e-m/fpv4-sp/hard/crtbegin.o
LOAD c:/st/stm32cubeide_1.0.2/stm32cubeide/plugins/com.st.stm32cube.ide.mcu.externaltools.gnu-tools-for-stm32.7-2018-q2-update.win32_1.0.0.201904181610/tools/bin/../lib/gcc/arm-none-eabi/7.3.1/../../../../arm-none-eabi/lib/thumb/v7e-m/fpv4-sp/hard/crt0.o
LOAD Drivers/STM32F4xx_HAL_Driver/Src/stm32f4xx_hal.o
LOAD Drivers/STM32F4xx_HAL_Driver/Src/stm32f4xx_hal_cortex.o
LOAD Drivers/STM32F4xx_HAL_Driver/Src/stm32f4xx_hal_dma.o
LOAD Drivers/STM32F4xx_HAL_Driver/Src/stm32f4xx_hal_dma_ex.o
LOAD Drivers/STM32F4xx_HAL_Driver/Src/stm32f4xx_hal_exti.o
LOAD Drivers/STM32F4xx_HAL_Driver/Src/stm32f4xx_hal_flash.o
LOAD Drivers/STM32F4xx_HAL_Driver/Src/stm32f4xx_hal_flash_ex.o
LOAD Drivers/STM32F4xx_HAL_Driver/Src/stm32f4xx_hal_flash_ramfunc.o
LOAD Drivers/STM32F4xx_HAL_Driver/Src/stm32f4xx_hal_gpio.o
LOAD Drivers/STM32F4xx_HAL_Driver/Src/stm32f4xx_hal_i2c.o
LOAD Drivers/STM32F4xx_HAL_Driver/Src/stm32f4xx_hal_i2c_ex.o
LOAD Drivers/STM32F4xx_HAL_Driver/Src/stm32f4xx_hal_pwr.o
LOAD Drivers/STM32F4xx_HAL_Driver/Src/stm32f4xx_hal_pwr_ex.o
LOAD Drivers/STM32F4xx_HAL_Driver/Src/stm32f4xx_hal_rcc.o
LOAD Drivers/STM32F4xx_HAL_Driver/Src/stm32f4xx_hal_rcc_ex.o
LOAD Drivers/STM32F4xx_HAL_Driver/Src/stm32f4xx_hal_rtc.o
LOAD Drivers/STM32F4xx_HAL_Driver/Src/stm32f4xx_hal_rtc_ex.o
LOAD Drivers/STM32F4xx_HAL_Driver/Src/stm32f4xx_hal_spi.o
LOAD Drivers/STM32F4xx_HAL_Driver/Src/stm32f4xx_hal_tim.o
LOAD Drivers/STM32F4xx_HAL_Driver/Src/stm32f4xx_hal_tim_ex.o
LOAD Drivers/STM32F4xx_HAL_Driver/Src/stm32f4xx_hal_uart.o
LOAD Src/main.o
LOAD Src/stm32f4xx_hal_msp.o
LOAD Src/stm32f4xx_it.o
LOAD Src/syscalls.o
LOAD Src/sysmem.o
LOAD Src/system_stm32f4xx.o
LOAD Startup/startup_stm32f407vgtx.o
START GROUP
LOAD c:/st/stm32cubeide_1.0.2/stm32cubeide/plugins/com.st.stm32cube.ide.mcu.externaltools.gnu-tools-for-stm32.7-2018-q2-update.win32_1.0.0.201904181610/tools/bin/../lib/gcc/arm-none-eabi/7.3.1/../../../../arm-none-eabi/lib/thumb/v7e-m/fpv4-sp/hard\libc_nano.a
LOAD c:/st/stm32cubeide_1.0.2/stm32cubeide/plugins/com.st.stm32cube.ide.mcu.externaltools.gnu-tools-for-stm32.7-2018-q2-update.win32_1.0.0.201904181610/tools/bin/../lib/gcc/arm-none-eabi/7.3.1/../../../../arm-none-eabi/lib/thumb/v7e-m/fpv4-sp/hard\libm.a
END GROUP
START GROUP
LOAD c:/st/stm32cubeide_1.0.2/stm32cubeide/plugins/com.st.stm32cube.ide.mcu.externaltools.gnu-tools-for-stm32.7-2018-q2-update.win32_1.0.0.201904181610/tools/bin/../lib/gcc/arm-none-eabi/7.3.1/thumb/v7e-m/fpv4-sp/hard\libgcc.a
LOAD c:/st/stm32cubeide_1.0.2/stm32cubeide/plugins/com.st.stm32cube.ide.mcu.externaltools.gnu-tools-for-stm32.7-2018-q2-update.win32_1.0.0.201904181610/tools/bin/../lib/gcc/arm-none-eabi/7.3.1/../../../../arm-none-eabi/lib/thumb/v7e-m/fpv4-sp/hard\libc_nano.a
END GROUP
START GROUP
LOAD c:/st/stm32cubeide_1.0.2/stm32cubeide/plugins/com.st.stm32cube.ide.mcu.externaltools.gnu-tools-for-stm32.7-2018-q2-update.win32_1.0.0.201904181610/tools/bin/../lib/gcc/arm-none-eabi/7.3.1/thumb/v7e-m/fpv4-sp/hard\libgcc.a
LOAD c:/st/stm32cubeide_1.0.2/stm32cubeide/plugins/com.st.stm32cube.ide.mcu.externaltools.gnu-tools-for-stm32.7-2018-q2-update.win32_1.0.0.201904181610/tools/bin/../lib/gcc/arm-none-eabi/7.3.1/../../../../arm-none-eabi/lib/thumb/v7e-m/fpv4-sp/hard\libc_nano.a
LOAD c:/st/stm32cubeide_1.0.2/stm32cubeide/plugins/com.st.stm32cube.ide.mcu.externaltools.gnu-tools-for-stm32.7-2018-q2-update.win32_1.0.0.201904181610/tools/bin/../lib/gcc/arm-none-eabi/7.3.1/../../../../arm-none-eabi/lib/thumb/v7e-m/fpv4-sp/hard\libnosys.a
END GROUP
START GROUP
LOAD c:/st/stm32cubeide_1.0.2/stm32cubeide/plugins/com.st.stm32cube.ide.mcu.externaltools.gnu-tools-for-stm32.7-2018-q2-update.win32_1.0.0.201904181610/tools/bin/../lib/gcc/arm-none-eabi/7.3.1/thumb/v7e-m/fpv4-sp/hard\libgcc.a
LOAD c:/st/stm32cubeide_1.0.2/stm32cubeide/plugins/com.st.stm32cube.ide.mcu.externaltools.gnu-tools-for-stm32.7-2018-q2-update.win32_1.0.0.201904181610/tools/bin/../lib/gcc/arm-none-eabi/7.3.1/../../../../arm-none-eabi/lib/thumb/v7e-m/fpv4-sp/hard\libc_nano.a
LOAD c:/st/stm32cubeide_1.0.2/stm32cubeide/plugins/com.st.stm32cube.ide.mcu.externaltools.gnu-tools-for-stm32.7-2018-q2-update.win32_1.0.0.201904181610/tools/bin/../lib/gcc/arm-none-eabi/7.3.1/../../../../arm-none-eabi/lib/thumb/v7e-m/fpv4-sp/hard\libnosys.a
END GROUP
LOAD c:/st/stm32cubeide_1.0.2/stm32cubeide/plugins/com.st.stm32cube.ide.mcu.externaltools.gnu-tools-for-stm32.7-2018-q2-update.win32_1.0.0.201904181610/tools/bin/../lib/gcc/arm-none-eabi/7.3.1/thumb/v7e-m/fpv4-sp/hard/crtend.o
LOAD c:/st/stm32cubeide_1.0.2/stm32cubeide/plugins/com.st.stm32cube.ide.mcu.externaltools.gnu-tools-for-stm32.7-2018-q2-update.win32_1.0.0.201904181610/tools/bin/../lib/gcc/arm-none-eabi/7.3.1/thumb/v7e-m/fpv4-sp/hard/crtn.o
                0x0000000020020000                _estack = 0x20020000
                0x0000000000000200                _Min_Heap_Size = 0x200
                0x0000000000000400                _Min_Stack_Size = 0x400

.isr_vector     0x0000000008000000      0x188
                0x0000000008000000                . = ALIGN (0x4)
 *(.isr_vector)
 .isr_vector    0x0000000008000000      0x188 Startup/startup_stm32f407vgtx.o
                0x0000000008000000                g_pfnVectors
                0x0000000008000188                . = ALIGN (0x4)

.text           0x0000000008000190     0x4ea0
                0x0000000008000190                . = ALIGN (0x4)
 *(.text)
 .text          0x0000000008000190       0x40 c:/st/stm32cubeide_1.0.2/stm32cubeide/plugins/com.st.stm32cube.ide.mcu.externaltools.gnu-tools-for-stm32.7-2018-q2-update.win32_1.0.0.201904181610/tools/bin/../lib/gcc/arm-none-eabi/7.3.1/thumb/v7e-m/fpv4-sp/hard/crtbegin.o
 .text          0x00000000080001d0       0xa0 c:/st/stm32cubeide_1.0.2/stm32cubeide/plugins/com.st.stm32cube.ide.mcu.externaltools.gnu-tools-for-stm32.7-2018-q2-update.win32_1.0.0.201904181610/tools/bin/../lib/gcc/arm-none-eabi/7.3.1/../../../../arm-none-eabi/lib/thumb/v7e-m/fpv4-sp/hard\libc_nano.a(lib_a-memchr.o)
                0x00000000080001d0                memchr
 .text          0x0000000008000270      0x378 c:/st/stm32cubeide_1.0.2/stm32cubeide/plugins/com.st.stm32cube.ide.mcu.externaltools.gnu-tools-for-stm32.7-2018-q2-update.win32_1.0.0.201904181610/tools/bin/../lib/gcc/arm-none-eabi/7.3.1/thumb/v7e-m/fpv4-sp/hard\libgcc.a(_arm_addsubdf3.o)
                0x0000000008000270                __aeabi_drsub
                0x0000000008000278                __aeabi_dsub
                0x0000000008000278                __subdf3
                0x000000000800027c                __aeabi_dadd
                0x000000000800027c                __adddf3
                0x00000000080004f4                __floatunsidf
                0x00000000080004f4                __aeabi_ui2d
                0x0000000008000514                __floatsidf
                0x0000000008000514                __aeabi_i2d
                0x0000000008000538                __aeabi_f2d
                0x0000000008000538                __extendsfdf2
                0x000000000800057c                __floatundidf
                0x000000000800057c                __aeabi_ul2d
                0x000000000800058c                __floatdidf
                0x000000000800058c                __aeabi_l2d
 .text          0x00000000080005e8      0x424 c:/st/stm32cubeide_1.0.2/stm32cubeide/plugins/com.st.stm32cube.ide.mcu.externaltools.gnu-tools-for-stm32.7-2018-q2-update.win32_1.0.0.201904181610/tools/bin/../lib/gcc/arm-none-eabi/7.3.1/thumb/v7e-m/fpv4-sp/hard\libgcc.a(_arm_muldivdf3.o)
                0x00000000080005e8                __aeabi_dmul
                0x00000000080005e8                __muldf3
                0x000000000800083c                __divdf3
                0x000000000800083c                __aeabi_ddiv
 .text          0x0000000008000a0c       0x50 c:/st/stm32cubeide_1.0.2/stm32cubeide/plugins/com.st.stm32cube.ide.mcu.externaltools.gnu-tools-for-stm32.7-2018-q2-update.win32_1.0.0.201904181610/tools/bin/../lib/gcc/arm-none-eabi/7.3.1/thumb/v7e-m/fpv4-sp/hard\libgcc.a(_arm_fixdfsi.o)
                0x0000000008000a0c                __aeabi_d2iz
                0x0000000008000a0c                __fixdfsi
 .text          0x0000000008000a5c       0x40 c:/st/stm32cubeide_1.0.2/stm32cubeide/plugins/com.st.stm32cube.ide.mcu.externaltools.gnu-tools-for-stm32.7-2018-q2-update.win32_1.0.0.201904181610/tools/bin/../lib/gcc/arm-none-eabi/7.3.1/thumb/v7e-m/fpv4-sp/hard\libgcc.a(_arm_fixunsdfsi.o)
                0x0000000008000a5c                __aeabi_d2uiz
                0x0000000008000a5c                __fixunsdfsi
 .text          0x0000000008000a9c       0x30 c:/st/stm32cubeide_1.0.2/stm32cubeide/plugins/com.st.stm32cube.ide.mcu.externaltools.gnu-tools-for-stm32.7-2018-q2-update.win32_1.0.0.201904181610/tools/bin/../lib/gcc/arm-none-eabi/7.3.1/thumb/v7e-m/fpv4-sp/hard\libgcc.a(_aeabi_uldivmod.o)
                0x0000000008000a9c                __aeabi_uldivmod
 .text          0x0000000008000acc      0x2cc c:/st/stm32cubeide_1.0.2/stm32cubeide/plugins/com.st.stm32cube.ide.mcu.externaltools.gnu-tools-for-stm32.7-2018-q2-update.win32_1.0.0.201904181610/tools/bin/../lib/gcc/arm-none-eabi/7.3.1/thumb/v7e-m/fpv4-sp/hard\libgcc.a(_udivmoddi4.o)
                0x0000000008000acc                __udivmoddi4
 .text          0x0000000008000d98        0x4 c:/st/stm32cubeide_1.0.2/stm32cubeide/plugins/com.st.stm32cube.ide.mcu.externaltools.gnu-tools-for-stm32.7-2018-q2-update.win32_1.0.0.201904181610/tools/bin/../lib/gcc/arm-none-eabi/7.3.1/thumb/v7e-m/fpv4-sp/hard\libgcc.a(_dvmd_tls.o)
                0x0000000008000d98                __aeabi_idiv0
                0x0000000008000d98                __aeabi_ldiv0
 *(.text*)
 .text.HAL_Init
                0x0000000008000d9c       0x44 Drivers/STM32F4xx_HAL_Driver/Src/stm32f4xx_hal.o
                0x0000000008000d9c                HAL_Init
 .text.HAL_InitTick
                0x0000000008000de0       0x60 Drivers/STM32F4xx_HAL_Driver/Src/stm32f4xx_hal.o
                0x0000000008000de0                HAL_InitTick
 .text.HAL_IncTick
                0x0000000008000e40       0x28 Drivers/STM32F4xx_HAL_Driver/Src/stm32f4xx_hal.o
                0x0000000008000e40                HAL_IncTick
 .text.HAL_GetTick
                0x0000000008000e68       0x18 Drivers/STM32F4xx_HAL_Driver/Src/stm32f4xx_hal.o
                0x0000000008000e68                HAL_GetTick
 .text.HAL_Delay
                0x0000000008000e80       0x44 Drivers/STM32F4xx_HAL_Driver/Src/stm32f4xx_hal.o
                0x0000000008000e80                HAL_Delay
 .text.__NVIC_SetPriorityGrouping
                0x0000000008000ec4       0x48 Drivers/STM32F4xx_HAL_Driver/Src/stm32f4xx_hal_cortex.o
 .text.__NVIC_GetPriorityGrouping
                0x0000000008000f0c       0x1c Drivers/STM32F4xx_HAL_Driver/Src/stm32f4xx_hal_cortex.o
 .text.__NVIC_SetPriority
                0x0000000008000f28       0x54 Drivers/STM32F4xx_HAL_Driver/Src/stm32f4xx_hal_cortex.o
 .text.NVIC_EncodePriority
                0x0000000008000f7c       0x66 Drivers/STM32F4xx_HAL_Driver/Src/stm32f4xx_hal_cortex.o
 *fill*         0x0000000008000fe2        0x2 
 .text.SysTick_Config
                0x0000000008000fe4       0x44 Drivers/STM32F4xx_HAL_Driver/Src/stm32f4xx_hal_cortex.o
 .text.HAL_NVIC_SetPriorityGrouping
                0x0000000008001028       0x16 Drivers/STM32F4xx_HAL_Driver/Src/stm32f4xx_hal_cortex.o
                0x0000000008001028                HAL_NVIC_SetPriorityGrouping
 .text.HAL_NVIC_SetPriority
                0x000000000800103e       0x38 Drivers/STM32F4xx_HAL_Driver/Src/stm32f4xx_hal_cortex.o
                0x000000000800103e                HAL_NVIC_SetPriority
 .text.HAL_SYSTICK_Config
                0x0000000008001076       0x18 Drivers/STM32F4xx_HAL_Driver/Src/stm32f4xx_hal_cortex.o
                0x0000000008001076                HAL_SYSTICK_Config
 *fill*         0x000000000800108e        0x2 
 .text.HAL_GPIO_Init
                0x0000000008001090      0x334 Drivers/STM32F4xx_HAL_Driver/Src/stm32f4xx_hal_gpio.o
                0x0000000008001090                HAL_GPIO_Init
 .text.HAL_GPIO_ReadPin
                0x00000000080013c4       0x30 Drivers/STM32F4xx_HAL_Driver/Src/stm32f4xx_hal_gpio.o
                0x00000000080013c4                HAL_GPIO_ReadPin
 .text.HAL_GPIO_WritePin
                0x00000000080013f4       0x32 Drivers/STM32F4xx_HAL_Driver/Src/stm32f4xx_hal_gpio.o
                0x00000000080013f4                HAL_GPIO_WritePin
 *fill*         0x0000000008001426        0x2 
 .text.HAL_I2C_Init
                0x0000000008001428      0x250 Drivers/STM32F4xx_HAL_Driver/Src/stm32f4xx_hal_i2c.o
                0x0000000008001428                HAL_I2C_Init
 .text.HAL_RCC_OscConfig
                0x0000000008001678      0x484 Drivers/STM32F4xx_HAL_Driver/Src/stm32f4xx_hal_rcc.o
                0x0000000008001678                HAL_RCC_OscConfig
 .text.HAL_RCC_ClockConfig
                0x0000000008001afc      0x1c4 Drivers/STM32F4xx_HAL_Driver/Src/stm32f4xx_hal_rcc.o
                0x0000000008001afc                HAL_RCC_ClockConfig
 .text.HAL_RCC_GetSysClockFreq
                0x0000000008001cc0      0x1b0 Drivers/STM32F4xx_HAL_Driver/Src/stm32f4xx_hal_rcc.o
                0x0000000008001cc0                HAL_RCC_GetSysClockFreq
 .text.HAL_RCC_GetHCLKFreq
                0x0000000008001e70       0x18 Drivers/STM32F4xx_HAL_Driver/Src/stm32f4xx_hal_rcc.o
                0x0000000008001e70                HAL_RCC_GetHCLKFreq
 .text.HAL_RCC_GetPCLK1Freq
                0x0000000008001e88       0x28 Drivers/STM32F4xx_HAL_Driver/Src/stm32f4xx_hal_rcc.o
                0x0000000008001e88                HAL_RCC_GetPCLK1Freq
 .text.HAL_RCC_GetPCLK2Freq
                0x0000000008001eb0       0x28 Drivers/STM32F4xx_HAL_Driver/Src/stm32f4xx_hal_rcc.o
                0x0000000008001eb0                HAL_RCC_GetPCLK2Freq
 .text.HAL_RCCEx_PeriphCLKConfig
                0x0000000008001ed8      0x1c4 Drivers/STM32F4xx_HAL_Driver/Src/stm32f4xx_hal_rcc_ex.o
                0x0000000008001ed8                HAL_RCCEx_PeriphCLKConfig
 .text.HAL_RTC_Init
                0x000000000800209c      0x122 Drivers/STM32F4xx_HAL_Driver/Src/stm32f4xx_hal_rtc.o
                0x000000000800209c                HAL_RTC_Init
 .text.HAL_RTC_SetTime
                0x00000000080021be      0x17a Drivers/STM32F4xx_HAL_Driver/Src/stm32f4xx_hal_rtc.o
                0x00000000080021be                HAL_RTC_SetTime
 .text.HAL_RTC_GetTime
                0x0000000008002338       0xbc Drivers/STM32F4xx_HAL_Driver/Src/stm32f4xx_hal_rtc.o
                0x0000000008002338                HAL_RTC_GetTime
 .text.HAL_RTC_SetDate
                0x00000000080023f4      0x14e Drivers/STM32F4xx_HAL_Driver/Src/stm32f4xx_hal_rtc.o
                0x00000000080023f4                HAL_RTC_SetDate
 .text.HAL_RTC_GetDate
                0x0000000008002542       0x9e Drivers/STM32F4xx_HAL_Driver/Src/stm32f4xx_hal_rtc.o
                0x0000000008002542                HAL_RTC_GetDate
 .text.HAL_RTC_WaitForSynchro
                0x00000000080025e0       0x50 Drivers/STM32F4xx_HAL_Driver/Src/stm32f4xx_hal_rtc.o
                0x00000000080025e0                HAL_RTC_WaitForSynchro
 .text.RTC_EnterInitMode
                0x0000000008002630       0x58 Drivers/STM32F4xx_HAL_Driver/Src/stm32f4xx_hal_rtc.o
                0x0000000008002630                RTC_EnterInitMode
 .text.RTC_ByteToBcd2
                0x0000000008002688       0x3c Drivers/STM32F4xx_HAL_Driver/Src/stm32f4xx_hal_rtc.o
                0x0000000008002688                RTC_ByteToBcd2
 .text.RTC_Bcd2ToByte
                0x00000000080026c4       0x3c Drivers/STM32F4xx_HAL_Driver/Src/stm32f4xx_hal_rtc.o
                0x00000000080026c4                RTC_Bcd2ToByte
 .text.HAL_SPI_Init
                0x0000000008002700       0xc8 Drivers/STM32F4xx_HAL_Driver/Src/stm32f4xx_hal_spi.o
                0x0000000008002700                HAL_SPI_Init
 .text.HAL_TIM_Base_Init
                0x00000000080027c8       0x56 Drivers/STM32F4xx_HAL_Driver/Src/stm32f4xx_hal_tim.o
                0x00000000080027c8                HAL_TIM_Base_Init
 .text.HAL_TIM_PWM_Init
                0x000000000800281e       0x56 Drivers/STM32F4xx_HAL_Driver/Src/stm32f4xx_hal_tim.o
                0x000000000800281e                HAL_TIM_PWM_Init
 .text.HAL_TIM_PWM_MspInit
                0x0000000008002874       0x14 Drivers/STM32F4xx_HAL_Driver/Src/stm32f4xx_hal_tim.o
                0x0000000008002874                HAL_TIM_PWM_MspInit
 .text.HAL_TIM_PWM_Start
                0x0000000008002888       0x7c Drivers/STM32F4xx_HAL_Driver/Src/stm32f4xx_hal_tim.o
                0x0000000008002888                HAL_TIM_PWM_Start
 .text.HAL_TIM_PWM_ConfigChannel
                0x0000000008002904      0x18c Drivers/STM32F4xx_HAL_Driver/Src/stm32f4xx_hal_tim.o
                0x0000000008002904                HAL_TIM_PWM_ConfigChannel
 .text.HAL_TIM_ConfigClockSource
                0x0000000008002a90      0x16e Drivers/STM32F4xx_HAL_Driver/Src/stm32f4xx_hal_tim.o
                0x0000000008002a90                HAL_TIM_ConfigClockSource
 *fill*         0x0000000008002bfe        0x2 
 .text.TIM_Base_SetConfig
                0x0000000008002c00      0x140 Drivers/STM32F4xx_HAL_Driver/Src/stm32f4xx_hal_tim.o
                0x0000000008002c00                TIM_Base_SetConfig
 .text.TIM_OC1_SetConfig
                0x0000000008002d40       0xe0 Drivers/STM32F4xx_HAL_Driver/Src/stm32f4xx_hal_tim.o
 .text.TIM_OC2_SetConfig
                0x0000000008002e20       0xec Drivers/STM32F4xx_HAL_Driver/Src/stm32f4xx_hal_tim.o
                0x0000000008002e20                TIM_OC2_SetConfig
 .text.TIM_OC3_SetConfig
                0x0000000008002f0c       0xe8 Drivers/STM32F4xx_HAL_Driver/Src/stm32f4xx_hal_tim.o
 .text.TIM_OC4_SetConfig
                0x0000000008002ff4       0xac Drivers/STM32F4xx_HAL_Driver/Src/stm32f4xx_hal_tim.o
 .text.TIM_TI1_ConfigInputStage
                0x00000000080030a0       0x5e Drivers/STM32F4xx_HAL_Driver/Src/stm32f4xx_hal_tim.o
 .text.TIM_TI2_ConfigInputStage
                0x00000000080030fe       0x60 Drivers/STM32F4xx_HAL_Driver/Src/stm32f4xx_hal_tim.o
 .text.TIM_ITRx_SetConfig
                0x000000000800315e       0x36 Drivers/STM32F4xx_HAL_Driver/Src/stm32f4xx_hal_tim.o
 .text.TIM_ETR_SetConfig
                0x0000000008003194       0x40 Drivers/STM32F4xx_HAL_Driver/Src/stm32f4xx_hal_tim.o
                0x0000000008003194                TIM_ETR_SetConfig
 .text.TIM_CCxChannelCmd
                0x00000000080031d4       0x4a Drivers/STM32F4xx_HAL_Driver/Src/stm32f4xx_hal_tim.o
                0x00000000080031d4                TIM_CCxChannelCmd
 .text.HAL_TIMEx_MasterConfigSynchronization
                0x000000000800321e       0x8a Drivers/STM32F4xx_HAL_Driver/Src/stm32f4xx_hal_tim_ex.o
                0x000000000800321e                HAL_TIMEx_MasterConfigSynchronization
 .text.HAL_UART_Init
                0x00000000080032a8       0x9a Drivers/STM32F4xx_HAL_Driver/Src/stm32f4xx_hal_uart.o
                0x00000000080032a8                HAL_UART_Init
 .text.HAL_UART_Transmit
                0x0000000008003342      0x132 Drivers/STM32F4xx_HAL_Driver/Src/stm32f4xx_hal_uart.o
                0x0000000008003342                HAL_UART_Transmit
 .text.UART_WaitOnFlagUntilTimeout
                0x0000000008003474       0x94 Drivers/STM32F4xx_HAL_Driver/Src/stm32f4xx_hal_uart.o
 .text.UART_SetConfig
                0x0000000008003508      0x414 Drivers/STM32F4xx_HAL_Driver/Src/stm32f4xx_hal_uart.o
 .text.delay    0x000000000800391c       0x30 Src/main.o
                0x000000000800391c                delay
 .text.hcsr04_read
                0x000000000800394c       0x74 Src/main.o
                0x000000000800394c                hcsr04_read
 .text.rtc_read
                0x00000000080039c0       0x80 Src/main.o
                0x00000000080039c0                rtc_read
 .text.getTime  0x0000000008003a40       0x32 Src/main.o
                0x0000000008003a40                getTime
 *fill*         0x0000000008003a72        0x2 
 .text.canNotify
                0x0000000008003a74       0x6c Src/main.o
                0x0000000008003a74                canNotify
 .text.setCurTime
                0x0000000008003ae0       0x38 Src/main.o
                0x0000000008003ae0                setCurTime
 .text.initNotify
                0x0000000008003b18       0x34 Src/main.o
                0x0000000008003b18                initNotify
 .text.notify   0x0000000008003b4c       0x3c Src/main.o
                0x0000000008003b4c                notify
 .text.readFromSensor
                0x0000000008003b88       0x38 Src/main.o
                0x0000000008003b88                readFromSensor
 .text.main     0x0000000008003bc0      0x184 Src/main.o
                0x0000000008003bc0                main
 .text.SystemClock_Config
                0x0000000008003d44      0x104 Src/main.o
                0x0000000008003d44                SystemClock_Config
 .text.MX_I2C1_Init
                0x0000000008003e48       0x5c Src/main.o
 .text.MX_RTC_Init
                0x0000000008003ea4       0xb4 Src/main.o
 .text.MX_SPI1_Init
                0x0000000008003f58       0x6c Src/main.o
 .text.MX_TIM4_Init
                0x0000000008003fc4       0xec Src/main.o
 .text.MX_USART2_UART_Init
                0x00000000080040b0       0x54 Src/main.o
 .text.MX_GPIO_Init
                0x0000000008004104      0x23c Src/main.o
 .text.Error_Handler
                0x0000000008004340        0xe Src/main.o
                0x0000000008004340                Error_Handler
 *fill*         0x000000000800434e        0x2 
 .text.HAL_MspInit
                0x0000000008004350       0x50 Src/stm32f4xx_hal_msp.o
                0x0000000008004350                HAL_MspInit
 .text.HAL_I2C_MspInit
                0x00000000080043a0       0x90 Src/stm32f4xx_hal_msp.o
                0x00000000080043a0                HAL_I2C_MspInit
 .text.HAL_RTC_MspInit
                0x0000000008004430       0x2c Src/stm32f4xx_hal_msp.o
                0x0000000008004430                HAL_RTC_MspInit
 .text.HAL_SPI_MspInit
                0x000000000800445c       0x90 Src/stm32f4xx_hal_msp.o
                0x000000000800445c                HAL_SPI_MspInit
 .text.HAL_TIM_Base_MspInit
                0x00000000080044ec       0x44 Src/stm32f4xx_hal_msp.o
                0x00000000080044ec                HAL_TIM_Base_MspInit
 .text.HAL_TIM_MspPostInit
                0x0000000008004530       0x74 Src/stm32f4xx_hal_msp.o
                0x0000000008004530                HAL_TIM_MspPostInit
 .text.HAL_UART_MspInit
                0x00000000080045a4       0x90 Src/stm32f4xx_hal_msp.o
                0x00000000080045a4                HAL_UART_MspInit
 .text.NMI_Handler
                0x0000000008004634        0xe Src/stm32f4xx_it.o
                0x0000000008004634                NMI_Handler
 .text.HardFault_Handler
                0x0000000008004642        0x6 Src/stm32f4xx_it.o
                0x0000000008004642                HardFault_Handler
 .text.MemManage_Handler
                0x0000000008004648        0x6 Src/stm32f4xx_it.o
                0x0000000008004648                MemManage_Handler
 .text.BusFault_Handler
                0x000000000800464e        0x6 Src/stm32f4xx_it.o
                0x000000000800464e                BusFault_Handler
 .text.UsageFault_Handler
                0x0000000008004654        0x6 Src/stm32f4xx_it.o
                0x0000000008004654                UsageFault_Handler
 .text.SVC_Handler
                0x000000000800465a        0xe Src/stm32f4xx_it.o
                0x000000000800465a                SVC_Handler
 .text.DebugMon_Handler
                0x0000000008004668        0xe Src/stm32f4xx_it.o
                0x0000000008004668                DebugMon_Handler
 .text.PendSV_Handler
                0x0000000008004676        0xe Src/stm32f4xx_it.o
                0x0000000008004676                PendSV_Handler
 .text.SysTick_Handler
                0x0000000008004684        0xc Src/stm32f4xx_it.o
                0x0000000008004684                SysTick_Handler
 .text._sbrk    0x0000000008004690       0x58 Src/sysmem.o
                0x0000000008004690                _sbrk
 .text.SystemInit
                0x00000000080046e8       0x6c Src/system_stm32f4xx.o
                0x00000000080046e8                SystemInit
 .text.Reset_Handler
                0x0000000008004754       0x50 Startup/startup_stm32f407vgtx.o
                0x0000000008004754                Reset_Handler
 .text.Default_Handler
                0x00000000080047a4        0x2 Startup/startup_stm32f407vgtx.o
                0x00000000080047a4                RTC_Alarm_IRQHandler
                0x00000000080047a4                HASH_RNG_IRQHandler
                0x00000000080047a4                EXTI2_IRQHandler
                0x00000000080047a4                TIM8_CC_IRQHandler
                0x00000000080047a4                TIM1_CC_IRQHandler
                0x00000000080047a4                DMA2_Stream5_IRQHandler
                0x00000000080047a4                DMA1_Stream5_IRQHandler
                0x00000000080047a4                PVD_IRQHandler
                0x00000000080047a4                SDIO_IRQHandler
                0x00000000080047a4                TAMP_STAMP_IRQHandler
                0x00000000080047a4                CAN2_RX1_IRQHandler
                0x00000000080047a4                EXTI3_IRQHandler
                0x00000000080047a4                TIM8_TRG_COM_TIM14_IRQHandler
                0x00000000080047a4                TIM1_UP_TIM10_IRQHandler
                0x00000000080047a4                TIM8_UP_TIM13_IRQHandler
                0x00000000080047a4                I2C3_ER_IRQHandler
                0x00000000080047a4                EXTI0_IRQHandler
                0x00000000080047a4                I2C2_EV_IRQHandler
                0x00000000080047a4                DMA1_Stream2_IRQHandler
                0x00000000080047a4                CAN1_RX0_IRQHandler
                0x00000000080047a4                FPU_IRQHandler
                0x00000000080047a4                OTG_HS_WKUP_IRQHandler
                0x00000000080047a4                CAN2_SCE_IRQHandler
                0x00000000080047a4                DMA2_Stream2_IRQHandler
                0x00000000080047a4                SPI1_IRQHandler
                0x00000000080047a4                TIM6_DAC_IRQHandler
                0x00000000080047a4                TIM1_BRK_TIM9_IRQHandler
                0x00000000080047a4                DCMI_IRQHandler
                0x00000000080047a4                CAN2_RX0_IRQHandler
                0x00000000080047a4                DMA2_Stream3_IRQHandler
                0x00000000080047a4                USART6_IRQHandler
                0x00000000080047a4                USART3_IRQHandler
                0x00000000080047a4                CAN1_RX1_IRQHandler
                0x00000000080047a4                UART5_IRQHandler
                0x00000000080047a4                DMA2_Stream0_IRQHandler
                0x00000000080047a4                TIM4_IRQHandler
                0x00000000080047a4                I2C1_EV_IRQHandler
                0x00000000080047a4                DMA1_Stream6_IRQHandler
                0x00000000080047a4                DMA1_Stream1_IRQHandler
                0x00000000080047a4                UART4_IRQHandler
                0x00000000080047a4                TIM3_IRQHandler
                0x00000000080047a4                RCC_IRQHandler
                0x00000000080047a4                TIM8_BRK_TIM12_IRQHandler
                0x00000000080047a4                Default_Handler
                0x00000000080047a4                EXTI15_10_IRQHandler
                0x00000000080047a4                ADC_IRQHandler
                0x00000000080047a4                DMA1_Stream7_IRQHandler
                0x00000000080047a4                TIM7_IRQHandler
                0x00000000080047a4                CAN2_TX_IRQHandler
                0x00000000080047a4                TIM5_IRQHandler
                0x00000000080047a4                DMA2_Stream7_IRQHandler
                0x00000000080047a4                I2C3_EV_IRQHandler
                0x00000000080047a4                EXTI9_5_IRQHandler
                0x00000000080047a4                RTC_WKUP_IRQHandler
                0x00000000080047a4                ETH_WKUP_IRQHandler
                0x00000000080047a4                SPI2_IRQHandler
                0x00000000080047a4                OTG_HS_EP1_IN_IRQHandler
                0x00000000080047a4                DMA1_Stream0_IRQHandler
                0x00000000080047a4                CAN1_TX_IRQHandler
                0x00000000080047a4                EXTI4_IRQHandler
                0x00000000080047a4                FSMC_IRQHandler
                0x00000000080047a4                ETH_IRQHandler
                0x00000000080047a4                OTG_HS_EP1_OUT_IRQHandler
                0x00000000080047a4                WWDG_IRQHandler
                0x00000000080047a4                TIM2_IRQHandler
                0x00000000080047a4                OTG_FS_WKUP_IRQHandler
                0x00000000080047a4                TIM1_TRG_COM_TIM11_IRQHandler
                0x00000000080047a4                OTG_HS_IRQHandler
                0x00000000080047a4                EXTI1_IRQHandler
                0x00000000080047a4                USART2_IRQHandler
                0x00000000080047a4                I2C2_ER_IRQHandler
                0x00000000080047a4                DMA2_Stream1_IRQHandler
                0x00000000080047a4                CAN1_SCE_IRQHandler
                0x00000000080047a4                FLASH_IRQHandler
                0x00000000080047a4                DMA2_Stream4_IRQHandler
                0x00000000080047a4                USART1_IRQHandler
                0x00000000080047a4                OTG_FS_IRQHandler
                0x00000000080047a4                SPI3_IRQHandler
                0x00000000080047a4                DMA1_Stream4_IRQHandler
                0x00000000080047a4                I2C1_ER_IRQHandler
                0x00000000080047a4                DMA2_Stream6_IRQHandler
                0x00000000080047a4                DMA1_Stream3_IRQHandler
 *fill*         0x00000000080047a6        0x2 
 .text.__errno  0x00000000080047a8        0xc c:/st/stm32cubeide_1.0.2/stm32cubeide/plugins/com.st.stm32cube.ide.mcu.externaltools.gnu-tools-for-stm32.7-2018-q2-update.win32_1.0.0.201904181610/tools/bin/../lib/gcc/arm-none-eabi/7.3.1/../../../../arm-none-eabi/lib/thumb/v7e-m/fpv4-sp/hard\libc_nano.a(lib_a-errno.o)
                0x00000000080047a8                __errno
 .text.__libc_init_array
                0x00000000080047b4       0x48 c:/st/stm32cubeide_1.0.2/stm32cubeide/plugins/com.st.stm32cube.ide.mcu.externaltools.gnu-tools-for-stm32.7-2018-q2-update.win32_1.0.0.201904181610/tools/bin/../lib/gcc/arm-none-eabi/7.3.1/../../../../arm-none-eabi/lib/thumb/v7e-m/fpv4-sp/hard\libc_nano.a(lib_a-init.o)
                0x00000000080047b4                __libc_init_array
 .text.memset   0x00000000080047fc       0x10 c:/st/stm32cubeide_1.0.2/stm32cubeide/plugins/com.st.stm32cube.ide.mcu.externaltools.gnu-tools-for-stm32.7-2018-q2-update.win32_1.0.0.201904181610/tools/bin/../lib/gcc/arm-none-eabi/7.3.1/../../../../arm-none-eabi/lib/thumb/v7e-m/fpv4-sp/hard\libc_nano.a(lib_a-memset.o)
                0x00000000080047fc                memset
 .text.sprintf  0x000000000800480c       0x40 c:/st/stm32cubeide_1.0.2/stm32cubeide/plugins/com.st.stm32cube.ide.mcu.externaltools.gnu-tools-for-stm32.7-2018-q2-update.win32_1.0.0.201904181610/tools/bin/../lib/gcc/arm-none-eabi/7.3.1/../../../../arm-none-eabi/lib/thumb/v7e-m/fpv4-sp/hard\libc_nano.a(lib_a-sprintf.o)
                0x000000000800480c                siprintf
                0x000000000800480c                sprintf
 .text.__ssputs_r
                0x000000000800484c       0xb4 c:/st/stm32cubeide_1.0.2/stm32cubeide/plugins/com.st.stm32cube.ide.mcu.externaltools.gnu-tools-for-stm32.7-2018-q2-update.win32_1.0.0.201904181610/tools/bin/../lib/gcc/arm-none-eabi/7.3.1/../../../../arm-none-eabi/lib/thumb/v7e-m/fpv4-sp/hard\libc_nano.a(lib_a-nano-svfprintf.o)
                0x000000000800484c                __ssputs_r
 .text._svfprintf_r
                0x0000000008004900      0x1f0 c:/st/stm32cubeide_1.0.2/stm32cubeide/plugins/com.st.stm32cube.ide.mcu.externaltools.gnu-tools-for-stm32.7-2018-q2-update.win32_1.0.0.201904181610/tools/bin/../lib/gcc/arm-none-eabi/7.3.1/../../../../arm-none-eabi/lib/thumb/v7e-m/fpv4-sp/hard\libc_nano.a(lib_a-nano-svfprintf.o)
                0x0000000008004900                _svfiprintf_r
                0x0000000008004900                _svfprintf_r
 .text._printf_common
                0x0000000008004af0       0xea c:/st/stm32cubeide_1.0.2/stm32cubeide/plugins/com.st.stm32cube.ide.mcu.externaltools.gnu-tools-for-stm32.7-2018-q2-update.win32_1.0.0.201904181610/tools/bin/../lib/gcc/arm-none-eabi/7.3.1/../../../../arm-none-eabi/lib/thumb/v7e-m/fpv4-sp/hard\libc_nano.a(lib_a-nano-vfprintf_i.o)
                0x0000000008004af0                _printf_common
 *fill*         0x0000000008004bda        0x2 
 .text._printf_i
                0x0000000008004bdc      0x224 c:/st/stm32cubeide_1.0.2/stm32cubeide/plugins/com.st.stm32cube.ide.mcu.externaltools.gnu-tools-for-stm32.7-2018-q2-update.win32_1.0.0.201904181610/tools/bin/../lib/gcc/arm-none-eabi/7.3.1/../../../../arm-none-eabi/lib/thumb/v7e-m/fpv4-sp/hard\libc_nano.a(lib_a-nano-vfprintf_i.o)
                0x0000000008004bdc                _printf_i
 .text.memcpy   0x0000000008004e00       0x16 c:/st/stm32cubeide_1.0.2/stm32cubeide/plugins/com.st.stm32cube.ide.mcu.externaltools.gnu-tools-for-stm32.7-2018-q2-update.win32_1.0.0.201904181610/tools/bin/../lib/gcc/arm-none-eabi/7.3.1/../../../../arm-none-eabi/lib/thumb/v7e-m/fpv4-sp/hard\libc_nano.a(lib_a-memcpy-stub.o)
                0x0000000008004e00                memcpy
 .text.memmove  0x0000000008004e16       0x32 c:/st/stm32cubeide_1.0.2/stm32cubeide/plugins/com.st.stm32cube.ide.mcu.externaltools.gnu-tools-for-stm32.7-2018-q2-update.win32_1.0.0.201904181610/tools/bin/../lib/gcc/arm-none-eabi/7.3.1/../../../../arm-none-eabi/lib/thumb/v7e-m/fpv4-sp/hard\libc_nano.a(lib_a-memmove.o)
                0x0000000008004e16                memmove
 .text._free_r  0x0000000008004e48       0x9c c:/st/stm32cubeide_1.0.2/stm32cubeide/plugins/com.st.stm32cube.ide.mcu.externaltools.gnu-tools-for-stm32.7-2018-q2-update.win32_1.0.0.201904181610/tools/bin/../lib/gcc/arm-none-eabi/7.3.1/../../../../arm-none-eabi/lib/thumb/v7e-m/fpv4-sp/hard\libc_nano.a(lib_a-nano-freer.o)
                0x0000000008004e48                _free_r
 .text._malloc_r
                0x0000000008004ee4       0xb4 c:/st/stm32cubeide_1.0.2/stm32cubeide/plugins/com.st.stm32cube.ide.mcu.externaltools.gnu-tools-for-stm32.7-2018-q2-update.win32_1.0.0.201904181610/tools/bin/../lib/gcc/arm-none-eabi/7.3.1/../../../../arm-none-eabi/lib/thumb/v7e-m/fpv4-sp/hard\libc_nano.a(lib_a-nano-mallocr.o)
                0x0000000008004ee4                _malloc_r
 .text._realloc_r
                0x0000000008004f98       0x4c c:/st/stm32cubeide_1.0.2/stm32cubeide/plugins/com.st.stm32cube.ide.mcu.externaltools.gnu-tools-for-stm32.7-2018-q2-update.win32_1.0.0.201904181610/tools/bin/../lib/gcc/arm-none-eabi/7.3.1/../../../../arm-none-eabi/lib/thumb/v7e-m/fpv4-sp/hard\libc_nano.a(lib_a-nano-reallocr.o)
                0x0000000008004f98                _realloc_r
 .text._sbrk_r  0x0000000008004fe4       0x20 c:/st/stm32cubeide_1.0.2/stm32cubeide/plugins/com.st.stm32cube.ide.mcu.externaltools.gnu-tools-for-stm32.7-2018-q2-update.win32_1.0.0.201904181610/tools/bin/../lib/gcc/arm-none-eabi/7.3.1/../../../../arm-none-eabi/lib/thumb/v7e-m/fpv4-sp/hard\libc_nano.a(lib_a-sbrkr.o)
                0x0000000008004fe4                _sbrk_r
 .text.__malloc_lock
                0x0000000008005004        0x2 c:/st/stm32cubeide_1.0.2/stm32cubeide/plugins/com.st.stm32cube.ide.mcu.externaltools.gnu-tools-for-stm32.7-2018-q2-update.win32_1.0.0.201904181610/tools/bin/../lib/gcc/arm-none-eabi/7.3.1/../../../../arm-none-eabi/lib/thumb/v7e-m/fpv4-sp/hard\libc_nano.a(lib_a-mlock.o)
                0x0000000008005004                __malloc_lock
 .text.__malloc_unlock
                0x0000000008005006        0x2 c:/st/stm32cubeide_1.0.2/stm32cubeide/plugins/com.st.stm32cube.ide.mcu.externaltools.gnu-tools-for-stm32.7-2018-q2-update.win32_1.0.0.201904181610/tools/bin/../lib/gcc/arm-none-eabi/7.3.1/../../../../arm-none-eabi/lib/thumb/v7e-m/fpv4-sp/hard\libc_nano.a(lib_a-mlock.o)
                0x0000000008005006                __malloc_unlock
 .text._malloc_usable_size_r
                0x0000000008005008       0x10 c:/st/stm32cubeide_1.0.2/stm32cubeide/plugins/com.st.stm32cube.ide.mcu.externaltools.gnu-tools-for-stm32.7-2018-q2-update.win32_1.0.0.201904181610/tools/bin/../lib/gcc/arm-none-eabi/7.3.1/../../../../arm-none-eabi/lib/thumb/v7e-m/fpv4-sp/hard\libc_nano.a(lib_a-nano-msizer.o)
                0x0000000008005008                _malloc_usable_size_r
 *(.glue_7)
 .glue_7        0x0000000008005018        0x0 linker stubs
 *(.glue_7t)
 .glue_7t       0x0000000008005018        0x0 linker stubs
 *(.eh_frame)
 .eh_frame      0x0000000008005018        0x0 c:/st/stm32cubeide_1.0.2/stm32cubeide/plugins/com.st.stm32cube.ide.mcu.externaltools.gnu-tools-for-stm32.7-2018-q2-update.win32_1.0.0.201904181610/tools/bin/../lib/gcc/arm-none-eabi/7.3.1/thumb/v7e-m/fpv4-sp/hard/crtbegin.o
 *(.init)
 .init          0x0000000008005018        0x4 c:/st/stm32cubeide_1.0.2/stm32cubeide/plugins/com.st.stm32cube.ide.mcu.externaltools.gnu-tools-for-stm32.7-2018-q2-update.win32_1.0.0.201904181610/tools/bin/../lib/gcc/arm-none-eabi/7.3.1/thumb/v7e-m/fpv4-sp/hard/crti.o
                0x0000000008005018                _init
 .init          0x000000000800501c        0x8 c:/st/stm32cubeide_1.0.2/stm32cubeide/plugins/com.st.stm32cube.ide.mcu.externaltools.gnu-tools-for-stm32.7-2018-q2-update.win32_1.0.0.201904181610/tools/bin/../lib/gcc/arm-none-eabi/7.3.1/thumb/v7e-m/fpv4-sp/hard/crtn.o
 *(.fini)
 .fini          0x0000000008005024        0x4 c:/st/stm32cubeide_1.0.2/stm32cubeide/plugins/com.st.stm32cube.ide.mcu.externaltools.gnu-tools-for-stm32.7-2018-q2-update.win32_1.0.0.201904181610/tools/bin/../lib/gcc/arm-none-eabi/7.3.1/thumb/v7e-m/fpv4-sp/hard/crti.o
                0x0000000008005024                _fini
 .fini          0x0000000008005028        0x8 c:/st/stm32cubeide_1.0.2/stm32cubeide/plugins/com.st.stm32cube.ide.mcu.externaltools.gnu-tools-for-stm32.7-2018-q2-update.win32_1.0.0.201904181610/tools/bin/../lib/gcc/arm-none-eabi/7.3.1/thumb/v7e-m/fpv4-sp/hard/crtn.o
                0x0000000008005030                . = ALIGN (0x4)
                0x0000000008005030                _etext = .

.vfp11_veneer   0x0000000008005030        0x0
 .vfp11_veneer  0x0000000008005030        0x0 linker stubs

.v4_bx          0x0000000008005030        0x0
 .v4_bx         0x0000000008005030        0x0 linker stubs

.iplt           0x0000000008005030        0x0
 .iplt          0x0000000008005030        0x0 c:/st/stm32cubeide_1.0.2/stm32cubeide/plugins/com.st.stm32cube.ide.mcu.externaltools.gnu-tools-for-stm32.7-2018-q2-update.win32_1.0.0.201904181610/tools/bin/../lib/gcc/arm-none-eabi/7.3.1/thumb/v7e-m/fpv4-sp/hard/crtbegin.o

.rodata         0x0000000008005030       0x54
                0x0000000008005030                . = ALIGN (0x4)
 *(.rodata)
 .rodata        0x0000000008005030        0x7 Src/main.o
 *(.rodata*)
 *fill*         0x0000000008005037        0x1 
 .rodata.AHBPrescTable
                0x0000000008005038       0x10 Src/system_stm32f4xx.o
                0x0000000008005038                AHBPrescTable
 .rodata.APBPrescTable
                0x0000000008005048        0x8 Src/system_stm32f4xx.o
                0x0000000008005048                APBPrescTable
 .rodata._svfprintf_r.str1.1
                0x0000000008005050       0x11 c:/st/stm32cubeide_1.0.2/stm32cubeide/plugins/com.st.stm32cube.ide.mcu.externaltools.gnu-tools-for-stm32.7-2018-q2-update.win32_1.0.0.201904181610/tools/bin/../lib/gcc/arm-none-eabi/7.3.1/../../../../arm-none-eabi/lib/thumb/v7e-m/fpv4-sp/hard\libc_nano.a(lib_a-nano-svfprintf.o)
 .rodata._printf_i.str1.1
                0x0000000008005061       0x22 c:/st/stm32cubeide_1.0.2/stm32cubeide/plugins/com.st.stm32cube.ide.mcu.externaltools.gnu-tools-for-stm32.7-2018-q2-update.win32_1.0.0.201904181610/tools/bin/../lib/gcc/arm-none-eabi/7.3.1/../../../../arm-none-eabi/lib/thumb/v7e-m/fpv4-sp/hard\libc_nano.a(lib_a-nano-vfprintf_i.o)
                0x0000000008005084                . = ALIGN (0x4)
 *fill*         0x0000000008005083        0x1 

.ARM.extab      0x0000000008005084        0x0
                0x0000000008005084                . = ALIGN (0x4)
 *(.ARM.extab* .gnu.linkonce.armextab.*)
                0x0000000008005084                . = ALIGN (0x4)

.ARM            0x0000000008005084        0x8
                0x0000000008005084                . = ALIGN (0x4)
                0x0000000008005084                __exidx_start = .
 *(.ARM.exidx*)
 .ARM.exidx     0x0000000008005084        0x8 c:/st/stm32cubeide_1.0.2/stm32cubeide/plugins/com.st.stm32cube.ide.mcu.externaltools.gnu-tools-for-stm32.7-2018-q2-update.win32_1.0.0.201904181610/tools/bin/../lib/gcc/arm-none-eabi/7.3.1/thumb/v7e-m/fpv4-sp/hard\libgcc.a(_udivmoddi4.o)
                0x000000000800508c                __exidx_end = .
                0x000000000800508c                . = ALIGN (0x4)

.rel.dyn        0x000000000800508c        0x0
 .rel.iplt      0x000000000800508c        0x0 c:/st/stm32cubeide_1.0.2/stm32cubeide/plugins/com.st.stm32cube.ide.mcu.externaltools.gnu-tools-for-stm32.7-2018-q2-update.win32_1.0.0.201904181610/tools/bin/../lib/gcc/arm-none-eabi/7.3.1/thumb/v7e-m/fpv4-sp/hard/crtbegin.o

.preinit_array  0x000000000800508c        0x0
                0x000000000800508c                . = ALIGN (0x4)
                0x000000000800508c                PROVIDE (__preinit_array_start = .)
 *(.preinit_array*)
                0x000000000800508c                PROVIDE (__preinit_array_end = .)
                0x000000000800508c                . = ALIGN (0x4)

.init_array     0x000000000800508c        0x4
                0x000000000800508c                . = ALIGN (0x4)
                0x000000000800508c                PROVIDE (__init_array_start = .)
 *(SORT_BY_NAME(.init_array.*))
 *(.init_array*)
 .init_array    0x000000000800508c        0x4 c:/st/stm32cubeide_1.0.2/stm32cubeide/plugins/com.st.stm32cube.ide.mcu.externaltools.gnu-tools-for-stm32.7-2018-q2-update.win32_1.0.0.201904181610/tools/bin/../lib/gcc/arm-none-eabi/7.3.1/thumb/v7e-m/fpv4-sp/hard/crtbegin.o
                0x0000000008005090                PROVIDE (__init_array_end = .)
                0x0000000008005090                . = ALIGN (0x4)

.fini_array     0x0000000008005090        0x4
                0x0000000008005090                . = ALIGN (0x4)
                [!provide]                        PROVIDE (__fini_array_start = .)
 *(SORT_BY_NAME(.fini_array.*))
 *(.fini_array*)
 .fini_array    0x0000000008005090        0x4 c:/st/stm32cubeide_1.0.2/stm32cubeide/plugins/com.st.stm32cube.ide.mcu.externaltools.gnu-tools-for-stm32.7-2018-q2-update.win32_1.0.0.201904181610/tools/bin/../lib/gcc/arm-none-eabi/7.3.1/thumb/v7e-m/fpv4-sp/hard/crtbegin.o
                [!provide]                        PROVIDE (__fini_array_end = .)
                0x0000000008005094                . = ALIGN (0x4)
                0x0000000008005094                _sidata = LOADADDR (.data)

.data           0x0000000020000000       0x70 load address 0x0000000008005094
                0x0000000020000000                . = ALIGN (0x4)
                0x0000000020000000                _sdata = .
 *(.data)
 *(.data*)
 .data.uwTickPrio
                0x0000000020000000        0x4 Drivers/STM32F4xx_HAL_Driver/Src/stm32f4xx_hal.o
                0x0000000020000000                uwTickPrio
 .data.uwTickFreq
                0x0000000020000004        0x1 Drivers/STM32F4xx_HAL_Driver/Src/stm32f4xx_hal.o
                0x0000000020000004                uwTickFreq
 *fill*         0x0000000020000005        0x3 
 .data.SystemCoreClock
                0x0000000020000008        0x4 Src/system_stm32f4xx.o
                0x0000000020000008                SystemCoreClock
 .data._impure_ptr
                0x000000002000000c        0x4 c:/st/stm32cubeide_1.0.2/stm32cubeide/plugins/com.st.stm32cube.ide.mcu.externaltools.gnu-tools-for-stm32.7-2018-q2-update.win32_1.0.0.201904181610/tools/bin/../lib/gcc/arm-none-eabi/7.3.1/../../../../arm-none-eabi/lib/thumb/v7e-m/fpv4-sp/hard\libc_nano.a(lib_a-impure.o)
                0x000000002000000c                _impure_ptr
 .data.impure_data
                0x0000000020000010       0x60 c:/st/stm32cubeide_1.0.2/stm32cubeide/plugins/com.st.stm32cube.ide.mcu.externaltools.gnu-tools-for-stm32.7-2018-q2-update.win32_1.0.0.201904181610/tools/bin/../lib/gcc/arm-none-eabi/7.3.1/../../../../arm-none-eabi/lib/thumb/v7e-m/fpv4-sp/hard\libc_nano.a(lib_a-impure.o)
                0x0000000020000070                . = ALIGN (0x4)
                0x0000000020000070                _edata = .

.igot.plt       0x0000000020000070        0x0 load address 0x0000000008005104
 .igot.plt      0x0000000020000070        0x0 c:/st/stm32cubeide_1.0.2/stm32cubeide/plugins/com.st.stm32cube.ide.mcu.externaltools.gnu-tools-for-stm32.7-2018-q2-update.win32_1.0.0.201904181610/tools/bin/../lib/gcc/arm-none-eabi/7.3.1/thumb/v7e-m/fpv4-sp/hard/crtbegin.o
                0x0000000020000070                . = ALIGN (0x4)

.bss            0x0000000020000070      0x1a8 load address 0x0000000008005104
                0x0000000020000070                _sbss = .
                0x0000000020000070                __bss_start__ = _sbss
 *(.bss)
 .bss           0x0000000020000070       0x1c c:/st/stm32cubeide_1.0.2/stm32cubeide/plugins/com.st.stm32cube.ide.mcu.externaltools.gnu-tools-for-stm32.7-2018-q2-update.win32_1.0.0.201904181610/tools/bin/../lib/gcc/arm-none-eabi/7.3.1/thumb/v7e-m/fpv4-sp/hard/crtbegin.o
 *(.bss*)
 .bss.heap_end.6424
                0x000000002000008c        0x4 Src/sysmem.o
 .bss.__malloc_free_list
                0x0000000020000090        0x4 c:/st/stm32cubeide_1.0.2/stm32cubeide/plugins/com.st.stm32cube.ide.mcu.externaltools.gnu-tools-for-stm32.7-2018-q2-update.win32_1.0.0.201904181610/tools/bin/../lib/gcc/arm-none-eabi/7.3.1/../../../../arm-none-eabi/lib/thumb/v7e-m/fpv4-sp/hard\libc_nano.a(lib_a-nano-mallocr.o)
                0x0000000020000090                __malloc_free_list
 .bss.__malloc_sbrk_start
                0x0000000020000094        0x4 c:/st/stm32cubeide_1.0.2/stm32cubeide/plugins/com.st.stm32cube.ide.mcu.externaltools.gnu-tools-for-stm32.7-2018-q2-update.win32_1.0.0.201904181610/tools/bin/../lib/gcc/arm-none-eabi/7.3.1/../../../../arm-none-eabi/lib/thumb/v7e-m/fpv4-sp/hard\libc_nano.a(lib_a-nano-mallocr.o)
                0x0000000020000094                __malloc_sbrk_start
 *(COMMON)
 COMMON         0x0000000020000098        0x4 Drivers/STM32F4xx_HAL_Driver/Src/stm32f4xx_hal.o
                0x0000000020000098                uwTick
 COMMON         0x000000002000009c      0x178 Src/main.o
                0x000000002000009c                tmp
                0x00000000200000a0                sensor_time
                0x00000000200000a4                htim4
                0x00000000200000e4                hi2c1
                0x0000000020000138                dist
                0x000000002000013c                hrtc
                0x000000002000015c                min0
                0x0000000020000160                sec0
                0x0000000020000164                delayTime
                0x0000000020000168                buf
                0x0000000020000174                hspi1
                0x00000000200001cc                diffNotifyTime
                0x00000000200001d0                hour0
                0x00000000200001d4                huart2
 COMMON         0x0000000020000214        0x4 c:/st/stm32cubeide_1.0.2/stm32cubeide/plugins/com.st.stm32cube.ide.mcu.externaltools.gnu-tools-for-stm32.7-2018-q2-update.win32_1.0.0.201904181610/tools/bin/../lib/gcc/arm-none-eabi/7.3.1/../../../../arm-none-eabi/lib/thumb/v7e-m/fpv4-sp/hard\libc_nano.a(lib_a-reent.o)
                0x0000000020000214                errno
                0x0000000020000218                . = ALIGN (0x4)
                0x0000000020000218                _ebss = .
                0x0000000020000218                __bss_end__ = _ebss

._user_heap_stack
                0x0000000020000218      0x600 load address 0x0000000008005104
                0x0000000020000218                . = ALIGN (0x8)
                0x0000000020000218                PROVIDE (end = .)
                [!provide]                        PROVIDE (_end = .)
                0x0000000020000418                . = (. + _Min_Heap_Size)
 *fill*         0x0000000020000218      0x200 
                0x0000000020000818                . = (. + _Min_Stack_Size)
 *fill*         0x0000000020000418      0x400 
                0x0000000020000818                . = ALIGN (0x8)

/DISCARD/
 libc.a(*)
 libm.a(*)
 libgcc.a(*)

.ARM.attributes
                0x0000000000000000       0x30
 *(.ARM.attributes)
 .ARM.attributes
                0x0000000000000000       0x22 c:/st/stm32cubeide_1.0.2/stm32cubeide/plugins/com.st.stm32cube.ide.mcu.externaltools.gnu-tools-for-stm32.7-2018-q2-update.win32_1.0.0.201904181610/tools/bin/../lib/gcc/arm-none-eabi/7.3.1/thumb/v7e-m/fpv4-sp/hard/crti.o
 .ARM.attributes
                0x0000000000000022       0x34 c:/st/stm32cubeide_1.0.2/stm32cubeide/plugins/com.st.stm32cube.ide.mcu.externaltools.gnu-tools-for-stm32.7-2018-q2-update.win32_1.0.0.201904181610/tools/bin/../lib/gcc/arm-none-eabi/7.3.1/thumb/v7e-m/fpv4-sp/hard/crtbegin.o
 .ARM.attributes
                0x0000000000000056       0x39 Drivers/STM32F4xx_HAL_Driver/Src/stm32f4xx_hal.o
 .ARM.attributes
                0x000000000000008f       0x39 Drivers/STM32F4xx_HAL_Driver/Src/stm32f4xx_hal_cortex.o
 .ARM.attributes
                0x00000000000000c8       0x39 Drivers/STM32F4xx_HAL_Driver/Src/stm32f4xx_hal_gpio.o
 .ARM.attributes
                0x0000000000000101       0x39 Drivers/STM32F4xx_HAL_Driver/Src/stm32f4xx_hal_i2c.o
 .ARM.attributes
                0x000000000000013a       0x39 Drivers/STM32F4xx_HAL_Driver/Src/stm32f4xx_hal_rcc.o
 .ARM.attributes
                0x0000000000000173       0x39 Drivers/STM32F4xx_HAL_Driver/Src/stm32f4xx_hal_rcc_ex.o
 .ARM.attributes
                0x00000000000001ac       0x39 Drivers/STM32F4xx_HAL_Driver/Src/stm32f4xx_hal_rtc.o
 .ARM.attributes
                0x00000000000001e5       0x39 Drivers/STM32F4xx_HAL_Driver/Src/stm32f4xx_hal_spi.o
 .ARM.attributes
                0x000000000000021e       0x39 Drivers/STM32F4xx_HAL_Driver/Src/stm32f4xx_hal_tim.o
 .ARM.attributes
                0x0000000000000257       0x39 Drivers/STM32F4xx_HAL_Driver/Src/stm32f4xx_hal_tim_ex.o
 .ARM.attributes
                0x0000000000000290       0x39 Drivers/STM32F4xx_HAL_Driver/Src/stm32f4xx_hal_uart.o
 .ARM.attributes
                0x00000000000002c9       0x39 Src/main.o
 .ARM.attributes
                0x0000000000000302       0x39 Src/stm32f4xx_hal_msp.o
 .ARM.attributes
                0x000000000000033b       0x39 Src/stm32f4xx_it.o
 .ARM.attributes
                0x0000000000000374       0x39 Src/sysmem.o
 .ARM.attributes
                0x00000000000003ad       0x39 Src/system_stm32f4xx.o
 .ARM.attributes
                0x00000000000003e6       0x21 Startup/startup_stm32f407vgtx.o
 .ARM.attributes
                0x0000000000000407       0x34 c:/st/stm32cubeide_1.0.2/stm32cubeide/plugins/com.st.stm32cube.ide.mcu.externaltools.gnu-tools-for-stm32.7-2018-q2-update.win32_1.0.0.201904181610/tools/bin/../lib/gcc/arm-none-eabi/7.3.1/../../../../arm-none-eabi/lib/thumb/v7e-m/fpv4-sp/hard\libc_nano.a(lib_a-errno.o)
 .ARM.attributes
                0x000000000000043b       0x34 c:/st/stm32cubeide_1.0.2/stm32cubeide/plugins/com.st.stm32cube.ide.mcu.externaltools.gnu-tools-for-stm32.7-2018-q2-update.win32_1.0.0.201904181610/tools/bin/../lib/gcc/arm-none-eabi/7.3.1/../../../../arm-none-eabi/lib/thumb/v7e-m/fpv4-sp/hard\libc_nano.a(lib_a-impure.o)
 .ARM.attributes
                0x000000000000046f       0x34 c:/st/stm32cubeide_1.0.2/stm32cubeide/plugins/com.st.stm32cube.ide.mcu.externaltools.gnu-tools-for-stm32.7-2018-q2-update.win32_1.0.0.201904181610/tools/bin/../lib/gcc/arm-none-eabi/7.3.1/../../../../arm-none-eabi/lib/thumb/v7e-m/fpv4-sp/hard\libc_nano.a(lib_a-init.o)
 .ARM.attributes
                0x00000000000004a3       0x34 c:/st/stm32cubeide_1.0.2/stm32cubeide/plugins/com.st.stm32cube.ide.mcu.externaltools.gnu-tools-for-stm32.7-2018-q2-update.win32_1.0.0.201904181610/tools/bin/../lib/gcc/arm-none-eabi/7.3.1/../../../../arm-none-eabi/lib/thumb/v7e-m/fpv4-sp/hard\libc_nano.a(lib_a-memset.o)
 .ARM.attributes
                0x00000000000004d7       0x34 c:/st/stm32cubeide_1.0.2/stm32cubeide/plugins/com.st.stm32cube.ide.mcu.externaltools.gnu-tools-for-stm32.7-2018-q2-update.win32_1.0.0.201904181610/tools/bin/../lib/gcc/arm-none-eabi/7.3.1/../../../../arm-none-eabi/lib/thumb/v7e-m/fpv4-sp/hard\libc_nano.a(lib_a-sprintf.o)
 .ARM.attributes
                0x000000000000050b       0x34 c:/st/stm32cubeide_1.0.2/stm32cubeide/plugins/com.st.stm32cube.ide.mcu.externaltools.gnu-tools-for-stm32.7-2018-q2-update.win32_1.0.0.201904181610/tools/bin/../lib/gcc/arm-none-eabi/7.3.1/../../../../arm-none-eabi/lib/thumb/v7e-m/fpv4-sp/hard\libc_nano.a(lib_a-nano-svfprintf.o)
 .ARM.attributes
                0x000000000000053f       0x34 c:/st/stm32cubeide_1.0.2/stm32cubeide/plugins/com.st.stm32cube.ide.mcu.externaltools.gnu-tools-for-stm32.7-2018-q2-update.win32_1.0.0.201904181610/tools/bin/../lib/gcc/arm-none-eabi/7.3.1/../../../../arm-none-eabi/lib/thumb/v7e-m/fpv4-sp/hard\libc_nano.a(lib_a-nano-vfprintf_i.o)
 .ARM.attributes
                0x0000000000000573       0x20 c:/st/stm32cubeide_1.0.2/stm32cubeide/plugins/com.st.stm32cube.ide.mcu.externaltools.gnu-tools-for-stm32.7-2018-q2-update.win32_1.0.0.201904181610/tools/bin/../lib/gcc/arm-none-eabi/7.3.1/../../../../arm-none-eabi/lib/thumb/v7e-m/fpv4-sp/hard\libc_nano.a(lib_a-memchr.o)
 .ARM.attributes
                0x0000000000000593       0x34 c:/st/stm32cubeide_1.0.2/stm32cubeide/plugins/com.st.stm32cube.ide.mcu.externaltools.gnu-tools-for-stm32.7-2018-q2-update.win32_1.0.0.201904181610/tools/bin/../lib/gcc/arm-none-eabi/7.3.1/../../../../arm-none-eabi/lib/thumb/v7e-m/fpv4-sp/hard\libc_nano.a(lib_a-memcpy-stub.o)
 .ARM.attributes
                0x00000000000005c7       0x34 c:/st/stm32cubeide_1.0.2/stm32cubeide/plugins/com.st.stm32cube.ide.mcu.externaltools.gnu-tools-for-stm32.7-2018-q2-update.win32_1.0.0.201904181610/tools/bin/../lib/gcc/arm-none-eabi/7.3.1/../../../../arm-none-eabi/lib/thumb/v7e-m/fpv4-sp/hard\libc_nano.a(lib_a-memmove.o)
 .ARM.attributes
                0x00000000000005fb       0x34 c:/st/stm32cubeide_1.0.2/stm32cubeide/plugins/com.st.stm32cube.ide.mcu.externaltools.gnu-tools-for-stm32.7-2018-q2-update.win32_1.0.0.201904181610/tools/bin/../lib/gcc/arm-none-eabi/7.3.1/../../../../arm-none-eabi/lib/thumb/v7e-m/fpv4-sp/hard\libc_nano.a(lib_a-nano-freer.o)
 .ARM.attributes
                0x000000000000062f       0x34 c:/st/stm32cubeide_1.0.2/stm32cubeide/plugins/com.st.stm32cube.ide.mcu.externaltools.gnu-tools-for-stm32.7-2018-q2-update.win32_1.0.0.201904181610/tools/bin/../lib/gcc/arm-none-eabi/7.3.1/../../../../arm-none-eabi/lib/thumb/v7e-m/fpv4-sp/hard\libc_nano.a(lib_a-nano-mallocr.o)
 .ARM.attributes
                0x0000000000000663       0x34 c:/st/stm32cubeide_1.0.2/stm32cubeide/plugins/com.st.stm32cube.ide.mcu.externaltools.gnu-tools-for-stm32.7-2018-q2-update.win32_1.0.0.201904181610/tools/bin/../lib/gcc/arm-none-eabi/7.3.1/../../../../arm-none-eabi/lib/thumb/v7e-m/fpv4-sp/hard\libc_nano.a(lib_a-nano-reallocr.o)
 .ARM.attributes
                0x0000000000000697       0x34 c:/st/stm32cubeide_1.0.2/stm32cubeide/plugins/com.st.stm32cube.ide.mcu.externaltools.gnu-tools-for-stm32.7-2018-q2-update.win32_1.0.0.201904181610/tools/bin/../lib/gcc/arm-none-eabi/7.3.1/../../../../arm-none-eabi/lib/thumb/v7e-m/fpv4-sp/hard\libc_nano.a(lib_a-sbrkr.o)
 .ARM.attributes
                0x00000000000006cb       0x34 c:/st/stm32cubeide_1.0.2/stm32cubeide/plugins/com.st.stm32cube.ide.mcu.externaltools.gnu-tools-for-stm32.7-2018-q2-update.win32_1.0.0.201904181610/tools/bin/../lib/gcc/arm-none-eabi/7.3.1/../../../../arm-none-eabi/lib/thumb/v7e-m/fpv4-sp/hard\libc_nano.a(lib_a-mlock.o)
 .ARM.attributes
                0x00000000000006ff       0x34 c:/st/stm32cubeide_1.0.2/stm32cubeide/plugins/com.st.stm32cube.ide.mcu.externaltools.gnu-tools-for-stm32.7-2018-q2-update.win32_1.0.0.201904181610/tools/bin/../lib/gcc/arm-none-eabi/7.3.1/../../../../arm-none-eabi/lib/thumb/v7e-m/fpv4-sp/hard\libc_nano.a(lib_a-nano-msizer.o)
 .ARM.attributes
                0x0000000000000733       0x34 c:/st/stm32cubeide_1.0.2/stm32cubeide/plugins/com.st.stm32cube.ide.mcu.externaltools.gnu-tools-for-stm32.7-2018-q2-update.win32_1.0.0.201904181610/tools/bin/../lib/gcc/arm-none-eabi/7.3.1/../../../../arm-none-eabi/lib/thumb/v7e-m/fpv4-sp/hard\libc_nano.a(lib_a-reent.o)
 .ARM.attributes
                0x0000000000000767       0x22 c:/st/stm32cubeide_1.0.2/stm32cubeide/plugins/com.st.stm32cube.ide.mcu.externaltools.gnu-tools-for-stm32.7-2018-q2-update.win32_1.0.0.201904181610/tools/bin/../lib/gcc/arm-none-eabi/7.3.1/thumb/v7e-m/fpv4-sp/hard\libgcc.a(_arm_addsubdf3.o)
 .ARM.attributes
                0x0000000000000789       0x22 c:/st/stm32cubeide_1.0.2/stm32cubeide/plugins/com.st.stm32cube.ide.mcu.externaltools.gnu-tools-for-stm32.7-2018-q2-update.win32_1.0.0.201904181610/tools/bin/../lib/gcc/arm-none-eabi/7.3.1/thumb/v7e-m/fpv4-sp/hard\libgcc.a(_arm_muldivdf3.o)
 .ARM.attributes
                0x00000000000007ab       0x22 c:/st/stm32cubeide_1.0.2/stm32cubeide/plugins/com.st.stm32cube.ide.mcu.externaltools.gnu-tools-for-stm32.7-2018-q2-update.win32_1.0.0.201904181610/tools/bin/../lib/gcc/arm-none-eabi/7.3.1/thumb/v7e-m/fpv4-sp/hard\libgcc.a(_arm_fixdfsi.o)
 .ARM.attributes
                0x00000000000007cd       0x22 c:/st/stm32cubeide_1.0.2/stm32cubeide/plugins/com.st.stm32cube.ide.mcu.externaltools.gnu-tools-for-stm32.7-2018-q2-update.win32_1.0.0.201904181610/tools/bin/../lib/gcc/arm-none-eabi/7.3.1/thumb/v7e-m/fpv4-sp/hard\libgcc.a(_arm_fixunsdfsi.o)
 .ARM.attributes
                0x00000000000007ef       0x22 c:/st/stm32cubeide_1.0.2/stm32cubeide/plugins/com.st.stm32cube.ide.mcu.externaltools.gnu-tools-for-stm32.7-2018-q2-update.win32_1.0.0.201904181610/tools/bin/../lib/gcc/arm-none-eabi/7.3.1/thumb/v7e-m/fpv4-sp/hard\libgcc.a(_aeabi_uldivmod.o)
 .ARM.attributes
                0x0000000000000811       0x34 c:/st/stm32cubeide_1.0.2/stm32cubeide/plugins/com.st.stm32cube.ide.mcu.externaltools.gnu-tools-for-stm32.7-2018-q2-update.win32_1.0.0.201904181610/tools/bin/../lib/gcc/arm-none-eabi/7.3.1/thumb/v7e-m/fpv4-sp/hard\libgcc.a(_udivmoddi4.o)
 .ARM.attributes
                0x0000000000000845       0x22 c:/st/stm32cubeide_1.0.2/stm32cubeide/plugins/com.st.stm32cube.ide.mcu.externaltools.gnu-tools-for-stm32.7-2018-q2-update.win32_1.0.0.201904181610/tools/bin/../lib/gcc/arm-none-eabi/7.3.1/thumb/v7e-m/fpv4-sp/hard\libgcc.a(_dvmd_tls.o)
 .ARM.attributes
                0x0000000000000867       0x22 c:/st/stm32cubeide_1.0.2/stm32cubeide/plugins/com.st.stm32cube.ide.mcu.externaltools.gnu-tools-for-stm32.7-2018-q2-update.win32_1.0.0.201904181610/tools/bin/../lib/gcc/arm-none-eabi/7.3.1/thumb/v7e-m/fpv4-sp/hard/crtn.o
OUTPUT(PetFeeder.elf elf32-littlearm)

.debug_info     0x0000000000000000    0x10159
 .debug_info    0x0000000000000000      0x921 Drivers/STM32F4xx_HAL_Driver/Src/stm32f4xx_hal.o
 .debug_info    0x0000000000000921      0xdd6 Drivers/STM32F4xx_HAL_Driver/Src/stm32f4xx_hal_cortex.o
 .debug_info    0x00000000000016f7      0x763 Drivers/STM32F4xx_HAL_Driver/Src/stm32f4xx_hal_gpio.o
 .debug_info    0x0000000000001e5a     0x231f Drivers/STM32F4xx_HAL_Driver/Src/stm32f4xx_hal_i2c.o
 .debug_info    0x0000000000004179      0x8a4 Drivers/STM32F4xx_HAL_Driver/Src/stm32f4xx_hal_rcc.o
 .debug_info    0x0000000000004a1d      0x55c Drivers/STM32F4xx_HAL_Driver/Src/stm32f4xx_hal_rcc_ex.o
 .debug_info    0x0000000000004f79      0xb69 Drivers/STM32F4xx_HAL_Driver/Src/stm32f4xx_hal_rtc.o
 .debug_info    0x0000000000005ae2     0x15e8 Drivers/STM32F4xx_HAL_Driver/Src/stm32f4xx_hal_spi.o
 .debug_info    0x00000000000070ca     0x2456 Drivers/STM32F4xx_HAL_Driver/Src/stm32f4xx_hal_tim.o
 .debug_info    0x0000000000009520     0x1105 Drivers/STM32F4xx_HAL_Driver/Src/stm32f4xx_hal_tim_ex.o
 .debug_info    0x000000000000a625     0x11d5 Drivers/STM32F4xx_HAL_Driver/Src/stm32f4xx_hal_uart.o
 .debug_info    0x000000000000b7fa     0x23f0 Src/main.o
 .debug_info    0x000000000000dbea     0x157c Src/stm32f4xx_hal_msp.o
 .debug_info    0x000000000000f166      0x1b3 Src/stm32f4xx_it.o
 .debug_info    0x000000000000f319      0x91c Src/sysmem.o
 .debug_info    0x000000000000fc35      0x502 Src/system_stm32f4xx.o
 .debug_info    0x0000000000010137       0x22 Startup/startup_stm32f407vgtx.o

.debug_abbrev   0x0000000000000000     0x2028
 .debug_abbrev  0x0000000000000000      0x1cb Drivers/STM32F4xx_HAL_Driver/Src/stm32f4xx_hal.o
 .debug_abbrev  0x00000000000001cb      0x2fa Drivers/STM32F4xx_HAL_Driver/Src/stm32f4xx_hal_cortex.o
 .debug_abbrev  0x00000000000004c5      0x1c9 Drivers/STM32F4xx_HAL_Driver/Src/stm32f4xx_hal_gpio.o
 .debug_abbrev  0x000000000000068e      0x254 Drivers/STM32F4xx_HAL_Driver/Src/stm32f4xx_hal_i2c.o
 .debug_abbrev  0x00000000000008e2      0x245 Drivers/STM32F4xx_HAL_Driver/Src/stm32f4xx_hal_rcc.o
 .debug_abbrev  0x0000000000000b27      0x173 Drivers/STM32F4xx_HAL_Driver/Src/stm32f4xx_hal_rcc_ex.o
 .debug_abbrev  0x0000000000000c9a      0x1be Drivers/STM32F4xx_HAL_Driver/Src/stm32f4xx_hal_rtc.o
 .debug_abbrev  0x0000000000000e58      0x240 Drivers/STM32F4xx_HAL_Driver/Src/stm32f4xx_hal_spi.o
 .debug_abbrev  0x0000000000001098      0x230 Drivers/STM32F4xx_HAL_Driver/Src/stm32f4xx_hal_tim.o
 .debug_abbrev  0x00000000000012c8      0x21e Drivers/STM32F4xx_HAL_Driver/Src/stm32f4xx_hal_tim_ex.o
 .debug_abbrev  0x00000000000014e6      0x242 Drivers/STM32F4xx_HAL_Driver/Src/stm32f4xx_hal_uart.o
 .debug_abbrev  0x0000000000001728      0x36d Src/main.o
 .debug_abbrev  0x0000000000001a95      0x209 Src/stm32f4xx_hal_msp.o
 .debug_abbrev  0x0000000000001c9e       0xac Src/stm32f4xx_it.o
 .debug_abbrev  0x0000000000001d4a      0x1bb Src/sysmem.o
 .debug_abbrev  0x0000000000001f05      0x111 Src/system_stm32f4xx.o
 .debug_abbrev  0x0000000000002016       0x12 Startup/startup_stm32f407vgtx.o

.debug_aranges  0x0000000000000000     0x1100
 .debug_aranges
                0x0000000000000000       0xf0 Drivers/STM32F4xx_HAL_Driver/Src/stm32f4xx_hal.o
 .debug_aranges
                0x00000000000000f0      0x118 Drivers/STM32F4xx_HAL_Driver/Src/stm32f4xx_hal_cortex.o
 .debug_aranges
                0x0000000000000208       0x58 Drivers/STM32F4xx_HAL_Driver/Src/stm32f4xx_hal_gpio.o
 .debug_aranges
                0x0000000000000260      0x290 Drivers/STM32F4xx_HAL_Driver/Src/stm32f4xx_hal_i2c.o
 .debug_aranges
                0x00000000000004f0       0x88 Drivers/STM32F4xx_HAL_Driver/Src/stm32f4xx_hal_rcc.o
 .debug_aranges
                0x0000000000000578       0x48 Drivers/STM32F4xx_HAL_Driver/Src/stm32f4xx_hal_rcc_ex.o
 .debug_aranges
                0x00000000000005c0       0xb8 Drivers/STM32F4xx_HAL_Driver/Src/stm32f4xx_hal_rtc.o
 .debug_aranges
                0x0000000000000678      0x1d0 Drivers/STM32F4xx_HAL_Driver/Src/stm32f4xx_hal_spi.o
 .debug_aranges
                0x0000000000000848      0x3a8 Drivers/STM32F4xx_HAL_Driver/Src/stm32f4xx_hal_tim.o
 .debug_aranges
                0x0000000000000bf0      0x150 Drivers/STM32F4xx_HAL_Driver/Src/stm32f4xx_hal_tim_ex.o
 .debug_aranges
                0x0000000000000d40      0x1d0 Drivers/STM32F4xx_HAL_Driver/Src/stm32f4xx_hal_uart.o
 .debug_aranges
                0x0000000000000f10       0xa8 Src/main.o
 .debug_aranges
                0x0000000000000fb8       0x78 Src/stm32f4xx_hal_msp.o
 .debug_aranges
                0x0000000000001030       0x60 Src/stm32f4xx_it.o
 .debug_aranges
                0x0000000000001090       0x20 Src/sysmem.o
 .debug_aranges
                0x00000000000010b0       0x28 Src/system_stm32f4xx.o
 .debug_aranges
                0x00000000000010d8       0x28 Startup/startup_stm32f407vgtx.o

.debug_ranges   0x0000000000000000     0x1018
 .debug_ranges  0x0000000000000000       0xe0 Drivers/STM32F4xx_HAL_Driver/Src/stm32f4xx_hal.o
 .debug_ranges  0x00000000000000e0      0x108 Drivers/STM32F4xx_HAL_Driver/Src/stm32f4xx_hal_cortex.o
 .debug_ranges  0x00000000000001e8       0x48 Drivers/STM32F4xx_HAL_Driver/Src/stm32f4xx_hal_gpio.o
 .debug_ranges  0x0000000000000230      0x2a0 Drivers/STM32F4xx_HAL_Driver/Src/stm32f4xx_hal_i2c.o
 .debug_ranges  0x00000000000004d0       0x78 Drivers/STM32F4xx_HAL_Driver/Src/stm32f4xx_hal_rcc.o
 .debug_ranges  0x0000000000000548       0x38 Drivers/STM32F4xx_HAL_Driver/Src/stm32f4xx_hal_rcc_ex.o
 .debug_ranges  0x0000000000000580       0xa8 Drivers/STM32F4xx_HAL_Driver/Src/stm32f4xx_hal_rtc.o
 .debug_ranges  0x0000000000000628      0x1c0 Drivers/STM32F4xx_HAL_Driver/Src/stm32f4xx_hal_spi.o
 .debug_ranges  0x00000000000007e8      0x398 Drivers/STM32F4xx_HAL_Driver/Src/stm32f4xx_hal_tim.o
 .debug_ranges  0x0000000000000b80      0x140 Drivers/STM32F4xx_HAL_Driver/Src/stm32f4xx_hal_tim_ex.o
 .debug_ranges  0x0000000000000cc0      0x1c0 Drivers/STM32F4xx_HAL_Driver/Src/stm32f4xx_hal_uart.o
 .debug_ranges  0x0000000000000e80       0x98 Src/main.o
 .debug_ranges  0x0000000000000f18       0x68 Src/stm32f4xx_hal_msp.o
 .debug_ranges  0x0000000000000f80       0x50 Src/stm32f4xx_it.o
 .debug_ranges  0x0000000000000fd0       0x10 Src/sysmem.o
 .debug_ranges  0x0000000000000fe0       0x18 Src/system_stm32f4xx.o
 .debug_ranges  0x0000000000000ff8       0x20 Startup/startup_stm32f407vgtx.o

.debug_macro    0x0000000000000000    0x2234a
 .debug_macro   0x0000000000000000      0x26b Drivers/STM32F4xx_HAL_Driver/Src/stm32f4xx_hal.o
 .debug_macro   0x000000000000026b      0xa5a Drivers/STM32F4xx_HAL_Driver/Src/stm32f4xx_hal.o
 .debug_macro   0x0000000000000cc5      0x19c Drivers/STM32F4xx_HAL_Driver/Src/stm32f4xx_hal.o
 .debug_macro   0x0000000000000e61       0x32 Drivers/STM32F4xx_HAL_Driver/Src/stm32f4xx_hal.o
 .debug_macro   0x0000000000000e93       0x2f Drivers/STM32F4xx_HAL_Driver/Src/stm32f4xx_hal.o
 .debug_macro   0x0000000000000ec2       0x22 Drivers/STM32F4xx_HAL_Driver/Src/stm32f4xx_hal.o
 .debug_macro   0x0000000000000ee4       0x8e Drivers/STM32F4xx_HAL_Driver/Src/stm32f4xx_hal.o
 .debug_macro   0x0000000000000f72       0x51 Drivers/STM32F4xx_HAL_Driver/Src/stm32f4xx_hal.o
 .debug_macro   0x0000000000000fc3       0xef Drivers/STM32F4xx_HAL_Driver/Src/stm32f4xx_hal.o
 .debug_macro   0x00000000000010b2       0x6a Drivers/STM32F4xx_HAL_Driver/Src/stm32f4xx_hal.o
 .debug_macro   0x000000000000111c      0x1df Drivers/STM32F4xx_HAL_Driver/Src/stm32f4xx_hal.o
 .debug_macro   0x00000000000012fb       0x1c Drivers/STM32F4xx_HAL_Driver/Src/stm32f4xx_hal.o
 .debug_macro   0x0000000000001317       0x22 Drivers/STM32F4xx_HAL_Driver/Src/stm32f4xx_hal.o
 .debug_macro   0x0000000000001339       0xdf Drivers/STM32F4xx_HAL_Driver/Src/stm32f4xx_hal.o
 .debug_macro   0x0000000000001418     0x102d Drivers/STM32F4xx_HAL_Driver/Src/stm32f4xx_hal.o
 .debug_macro   0x0000000000002445      0x11f Drivers/STM32F4xx_HAL_Driver/Src/stm32f4xx_hal.o
 .debug_macro   0x0000000000002564    0x15e43 Drivers/STM32F4xx_HAL_Driver/Src/stm32f4xx_hal.o
 .debug_macro   0x00000000000183a7       0x43 Drivers/STM32F4xx_HAL_Driver/Src/stm32f4xx_hal.o
 .debug_macro   0x00000000000183ea     0x35d4 Drivers/STM32F4xx_HAL_Driver/Src/stm32f4xx_hal.o
 .debug_macro   0x000000000001b9be      0x174 Drivers/STM32F4xx_HAL_Driver/Src/stm32f4xx_hal.o
 .debug_macro   0x000000000001bb32       0x5a Drivers/STM32F4xx_HAL_Driver/Src/stm32f4xx_hal.o
 .debug_macro   0x000000000001bb8c      0x96b Drivers/STM32F4xx_HAL_Driver/Src/stm32f4xx_hal.o
 .debug_macro   0x000000000001c4f7      0x9fe Drivers/STM32F4xx_HAL_Driver/Src/stm32f4xx_hal.o
 .debug_macro   0x000000000001cef5       0xed Drivers/STM32F4xx_HAL_Driver/Src/stm32f4xx_hal.o
 .debug_macro   0x000000000001cfe2      0x117 Drivers/STM32F4xx_HAL_Driver/Src/stm32f4xx_hal.o
 .debug_macro   0x000000000001d0f9      0x13e Drivers/STM32F4xx_HAL_Driver/Src/stm32f4xx_hal.o
 .debug_macro   0x000000000001d237       0x27 Drivers/STM32F4xx_HAL_Driver/Src/stm32f4xx_hal.o
 .debug_macro   0x000000000001d25e      0x287 Drivers/STM32F4xx_HAL_Driver/Src/stm32f4xx_hal.o
 .debug_macro   0x000000000001d4e5       0x5f Drivers/STM32F4xx_HAL_Driver/Src/stm32f4xx_hal.o
 .debug_macro   0x000000000001d544      0x236 Drivers/STM32F4xx_HAL_Driver/Src/stm32f4xx_hal.o
 .debug_macro   0x000000000001d77a      0x12c Drivers/STM32F4xx_HAL_Driver/Src/stm32f4xx_hal.o
 .debug_macro   0x000000000001d8a6      0x21e Drivers/STM32F4xx_HAL_Driver/Src/stm32f4xx_hal.o
 .debug_macro   0x000000000001dac4       0x2e Drivers/STM32F4xx_HAL_Driver/Src/stm32f4xx_hal.o
 .debug_macro   0x000000000001daf2      0x1ae Drivers/STM32F4xx_HAL_Driver/Src/stm32f4xx_hal.o
 .debug_macro   0x000000000001dca0       0xd6 Drivers/STM32F4xx_HAL_Driver/Src/stm32f4xx_hal.o
 .debug_macro   0x000000000001dd76      0x11a Drivers/STM32F4xx_HAL_Driver/Src/stm32f4xx_hal.o
 .debug_macro   0x000000000001de90       0x7e Drivers/STM32F4xx_HAL_Driver/Src/stm32f4xx_hal.o
 .debug_macro   0x000000000001df0e       0x89 Drivers/STM32F4xx_HAL_Driver/Src/stm32f4xx_hal.o
 .debug_macro   0x000000000001df97      0x31a Drivers/STM32F4xx_HAL_Driver/Src/stm32f4xx_hal.o
 .debug_macro   0x000000000001e2b1      0x405 Drivers/STM32F4xx_HAL_Driver/Src/stm32f4xx_hal.o
 .debug_macro   0x000000000001e6b6       0xe4 Drivers/STM32F4xx_HAL_Driver/Src/stm32f4xx_hal.o
 .debug_macro   0x000000000001e79a      0x225 Drivers/STM32F4xx_HAL_Driver/Src/stm32f4xx_hal.o
 .debug_macro   0x000000000001e9bf      0x87d Drivers/STM32F4xx_HAL_Driver/Src/stm32f4xx_hal.o
 .debug_macro   0x000000000001f23c       0x47 Drivers/STM32F4xx_HAL_Driver/Src/stm32f4xx_hal.o
 .debug_macro   0x000000000001f283      0x287 Drivers/STM32F4xx_HAL_Driver/Src/stm32f4xx_hal.o
 .debug_macro   0x000000000001f50a      0x12d Drivers/STM32F4xx_HAL_Driver/Src/stm32f4xx_hal.o
 .debug_macro   0x000000000001f637      0x20b Drivers/STM32F4xx_HAL_Driver/Src/stm32f4xx_hal_cortex.o
 .debug_macro   0x000000000001f842      0x241 Drivers/STM32F4xx_HAL_Driver/Src/stm32f4xx_hal_gpio.o
 .debug_macro   0x000000000001fa83      0x24b Drivers/STM32F4xx_HAL_Driver/Src/stm32f4xx_hal_i2c.o
 .debug_macro   0x000000000001fcce      0x22f Drivers/STM32F4xx_HAL_Driver/Src/stm32f4xx_hal_rcc.o
 .debug_macro   0x000000000001fefd      0x20b Drivers/STM32F4xx_HAL_Driver/Src/stm32f4xx_hal_rcc_ex.o
 .debug_macro   0x0000000000020108      0x20c Drivers/STM32F4xx_HAL_Driver/Src/stm32f4xx_hal_rtc.o
 .debug_macro   0x0000000000020314      0x21a Drivers/STM32F4xx_HAL_Driver/Src/stm32f4xx_hal_spi.o
 .debug_macro   0x000000000002052e      0x20c Drivers/STM32F4xx_HAL_Driver/Src/stm32f4xx_hal_tim.o
 .debug_macro   0x000000000002073a      0x20b Drivers/STM32F4xx_HAL_Driver/Src/stm32f4xx_hal_tim_ex.o
 .debug_macro   0x0000000000020945      0x20c Drivers/STM32F4xx_HAL_Driver/Src/stm32f4xx_hal_uart.o
 .debug_macro   0x0000000000020b51      0x364 Src/main.o
 .debug_macro   0x0000000000020eb5      0x100 Src/main.o
 .debug_macro   0x0000000000020fb5       0x46 Src/main.o
 .debug_macro   0x0000000000020ffb       0x18 Src/main.o
 .debug_macro   0x0000000000021013       0x3c Src/main.o
 .debug_macro   0x000000000002104f       0x34 Src/main.o
 .debug_macro   0x0000000000021083      0x32a Src/main.o
 .debug_macro   0x00000000000213ad       0x52 Src/main.o
 .debug_macro   0x00000000000213ff       0x1f Src/main.o
 .debug_macro   0x000000000002141e       0x43 Src/main.o
 .debug_macro   0x0000000000021461       0x20 Src/main.o
 .debug_macro   0x0000000000021481      0x1a3 Src/main.o
 .debug_macro   0x0000000000021624       0x10 Src/main.o
 .debug_macro   0x0000000000021634       0x35 Src/main.o
 .debug_macro   0x0000000000021669       0x10 Src/main.o
 .debug_macro   0x0000000000021679       0x10 Src/main.o
 .debug_macro   0x0000000000021689       0x10 Src/main.o
 .debug_macro   0x0000000000021699       0x1c Src/main.o
 .debug_macro   0x00000000000216b5       0x52 Src/main.o
 .debug_macro   0x0000000000021707       0x40 Src/main.o
 .debug_macro   0x0000000000021747       0x10 Src/main.o
 .debug_macro   0x0000000000021757       0x40 Src/main.o
 .debug_macro   0x0000000000021797       0xd7 Src/main.o
 .debug_macro   0x000000000002186e       0x1c Src/main.o
 .debug_macro   0x000000000002188a       0x3d Src/main.o
 .debug_macro   0x00000000000218c7       0x35 Src/main.o
 .debug_macro   0x00000000000218fc      0x21a Src/stm32f4xx_hal_msp.o
 .debug_macro   0x0000000000021b16      0x224 Src/stm32f4xx_it.o
 .debug_macro   0x0000000000021d3a      0x1ae Src/sysmem.o
 .debug_macro   0x0000000000021ee8      0x23b Src/sysmem.o
 .debug_macro   0x0000000000022123       0x16 Src/sysmem.o
 .debug_macro   0x0000000000022139      0x211 Src/system_stm32f4xx.o

.debug_line     0x0000000000000000     0xc4f1
 .debug_line    0x0000000000000000      0x937 Drivers/STM32F4xx_HAL_Driver/Src/stm32f4xx_hal.o
 .debug_line    0x0000000000000937      0xa5e Drivers/STM32F4xx_HAL_Driver/Src/stm32f4xx_hal_cortex.o
 .debug_line    0x0000000000001395      0x919 Drivers/STM32F4xx_HAL_Driver/Src/stm32f4xx_hal_gpio.o
 .debug_line    0x0000000000001cae     0x1b1a Drivers/STM32F4xx_HAL_Driver/Src/stm32f4xx_hal_i2c.o
 .debug_line    0x00000000000037c8      0x97e Drivers/STM32F4xx_HAL_Driver/Src/stm32f4xx_hal_rcc.o
 .debug_line    0x0000000000004146      0x85b Drivers/STM32F4xx_HAL_Driver/Src/stm32f4xx_hal_rcc_ex.o
 .debug_line    0x00000000000049a1      0xaca Drivers/STM32F4xx_HAL_Driver/Src/stm32f4xx_hal_rtc.o
 .debug_line    0x000000000000546b     0x10eb Drivers/STM32F4xx_HAL_Driver/Src/stm32f4xx_hal_spi.o
 .debug_line    0x0000000000006556     0x199b Drivers/STM32F4xx_HAL_Driver/Src/stm32f4xx_hal_tim.o
 .debug_line    0x0000000000007ef1      0xd3e Drivers/STM32F4xx_HAL_Driver/Src/stm32f4xx_hal_tim_ex.o
 .debug_line    0x0000000000008c2f     0x1031 Drivers/STM32F4xx_HAL_Driver/Src/stm32f4xx_hal_uart.o
 .debug_line    0x0000000000009c60      0xb6e Src/main.o
 .debug_line    0x000000000000a7ce      0x824 Src/stm32f4xx_hal_msp.o
 .debug_line    0x000000000000aff2      0x7d4 Src/stm32f4xx_it.o
 .debug_line    0x000000000000b7c6      0x559 Src/sysmem.o
 .debug_line    0x000000000000bd1f      0x751 Src/system_stm32f4xx.o
 .debug_line    0x000000000000c470       0x81 Startup/startup_stm32f407vgtx.o

.debug_str      0x0000000000000000    0xd2d01
 .debug_str     0x0000000000000000    0xc9ed6 Drivers/STM32F4xx_HAL_Driver/Src/stm32f4xx_hal.o
                                      0xca25d (size before relaxing)
 .debug_str     0x00000000000c9ed6      0x3ed Drivers/STM32F4xx_HAL_Driver/Src/stm32f4xx_hal_cortex.o
                                      0xc9fd8 (size before relaxing)
 .debug_str     0x00000000000ca2c3      0x285 Drivers/STM32F4xx_HAL_Driver/Src/stm32f4xx_hal_gpio.o
                                      0xc995b (size before relaxing)
 .debug_str     0x00000000000ca548      0xef6 Drivers/STM32F4xx_HAL_Driver/Src/stm32f4xx_hal_i2c.o
                                      0xca63d (size before relaxing)
 .debug_str     0x00000000000cb43e      0x379 Drivers/STM32F4xx_HAL_Driver/Src/stm32f4xx_hal_rcc.o
                                      0xc9afe (size before relaxing)
 .debug_str     0x00000000000cb7b7      0x179 Drivers/STM32F4xx_HAL_Driver/Src/stm32f4xx_hal_rcc_ex.o
                                      0xc9851 (size before relaxing)
 .debug_str     0x00000000000cb930      0x48a Drivers/STM32F4xx_HAL_Driver/Src/stm32f4xx_hal_rtc.o
                                      0xc9ac9 (size before relaxing)
 .debug_str     0x00000000000cbdba      0x714 Drivers/STM32F4xx_HAL_Driver/Src/stm32f4xx_hal_spi.o
                                      0xc9f8a (size before relaxing)
 .debug_str     0x00000000000cc4ce      0xf17 Drivers/STM32F4xx_HAL_Driver/Src/stm32f4xx_hal_tim.o
                                      0xca828 (size before relaxing)
 .debug_str     0x00000000000cd3e5      0x4ec Drivers/STM32F4xx_HAL_Driver/Src/stm32f4xx_hal_tim_ex.o
                                      0xca028 (size before relaxing)
 .debug_str     0x00000000000cd8d1      0x677 Drivers/STM32F4xx_HAL_Driver/Src/stm32f4xx_hal_uart.o
                                      0xc9f4f (size before relaxing)
 .debug_str     0x00000000000cdf48     0x4152 Src/main.o
                                      0xce80a (size before relaxing)
 .debug_str     0x00000000000d209a       0x39 Src/stm32f4xx_hal_msp.o
                                      0xca7f4 (size before relaxing)
 .debug_str     0x00000000000d20d3       0xb8 Src/stm32f4xx_it.o
                                      0xc9a60 (size before relaxing)
 .debug_str     0x00000000000d218b      0xaeb Src/sysmem.o
                                       0x7aea (size before relaxing)
 .debug_str     0x00000000000d2c76       0x5a Src/system_stm32f4xx.o
                                      0xc9717 (size before relaxing)
 .debug_str     0x00000000000d2cd0       0x31 Startup/startup_stm32f407vgtx.o
                                         0x6c (size before relaxing)

.comment        0x0000000000000000       0x7b
 .comment       0x0000000000000000       0x7b Drivers/STM32F4xx_HAL_Driver/Src/stm32f4xx_hal.o
                                         0x7c (size before relaxing)
 .comment       0x000000000000007b       0x7c Drivers/STM32F4xx_HAL_Driver/Src/stm32f4xx_hal_cortex.o
 .comment       0x000000000000007b       0x7c Drivers/STM32F4xx_HAL_Driver/Src/stm32f4xx_hal_gpio.o
 .comment       0x000000000000007b       0x7c Drivers/STM32F4xx_HAL_Driver/Src/stm32f4xx_hal_i2c.o
 .comment       0x000000000000007b       0x7c Drivers/STM32F4xx_HAL_Driver/Src/stm32f4xx_hal_rcc.o
 .comment       0x000000000000007b       0x7c Drivers/STM32F4xx_HAL_Driver/Src/stm32f4xx_hal_rcc_ex.o
 .comment       0x000000000000007b       0x7c Drivers/STM32F4xx_HAL_Driver/Src/stm32f4xx_hal_rtc.o
 .comment       0x000000000000007b       0x7c Drivers/STM32F4xx_HAL_Driver/Src/stm32f4xx_hal_spi.o
 .comment       0x000000000000007b       0x7c Drivers/STM32F4xx_HAL_Driver/Src/stm32f4xx_hal_tim.o
 .comment       0x000000000000007b       0x7c Drivers/STM32F4xx_HAL_Driver/Src/stm32f4xx_hal_tim_ex.o
 .comment       0x000000000000007b       0x7c Drivers/STM32F4xx_HAL_Driver/Src/stm32f4xx_hal_uart.o
 .comment       0x000000000000007b       0x7c Src/main.o
 .comment       0x000000000000007b       0x7c Src/stm32f4xx_hal_msp.o
 .comment       0x000000000000007b       0x7c Src/stm32f4xx_it.o
 .comment       0x000000000000007b       0x7c Src/sysmem.o
 .comment       0x000000000000007b       0x7c Src/system_stm32f4xx.o

.debug_frame    0x0000000000000000     0x4d78
 .debug_frame   0x0000000000000000      0x374 Drivers/STM32F4xx_HAL_Driver/Src/stm32f4xx_hal.o
 .debug_frame   0x0000000000000374      0x498 Drivers/STM32F4xx_HAL_Driver/Src/stm32f4xx_hal_cortex.o
 .debug_frame   0x000000000000080c      0x14c Drivers/STM32F4xx_HAL_Driver/Src/stm32f4xx_hal_gpio.o
 .debug_frame   0x0000000000000958      0xc10 Drivers/STM32F4xx_HAL_Driver/Src/stm32f4xx_hal_i2c.o
 .debug_frame   0x0000000000001568      0x1f0 Drivers/STM32F4xx_HAL_Driver/Src/stm32f4xx_hal_rcc.o
 .debug_frame   0x0000000000001758       0xf0 Drivers/STM32F4xx_HAL_Driver/Src/stm32f4xx_hal_rcc_ex.o
 .debug_frame   0x0000000000001848      0x308 Drivers/STM32F4xx_HAL_Driver/Src/stm32f4xx_hal_rtc.o
 .debug_frame   0x0000000000001b50      0x824 Drivers/STM32F4xx_HAL_Driver/Src/stm32f4xx_hal_spi.o
 .debug_frame   0x0000000000002374     0x10f0 Drivers/STM32F4xx_HAL_Driver/Src/stm32f4xx_hal_tim.o
 .debug_frame   0x0000000000003464      0x5c0 Drivers/STM32F4xx_HAL_Driver/Src/stm32f4xx_hal_tim_ex.o
 .debug_frame   0x0000000000003a24      0x83c Drivers/STM32F4xx_HAL_Driver/Src/stm32f4xx_hal_uart.o
 .debug_frame   0x0000000000004260      0x27c Src/main.o
 .debug_frame   0x00000000000044dc      0x1d0 Src/stm32f4xx_hal_msp.o
 .debug_frame   0x00000000000046ac      0x10c Src/stm32f4xx_it.o
 .debug_frame   0x00000000000047b8       0x34 Src/sysmem.o
 .debug_frame   0x00000000000047ec       0x58 Src/system_stm32f4xx.o
 .debug_frame   0x0000000000004844       0x20 c:/st/stm32cubeide_1.0.2/stm32cubeide/plugins/com.st.stm32cube.ide.mcu.externaltools.gnu-tools-for-stm32.7-2018-q2-update.win32_1.0.0.201904181610/tools/bin/../lib/gcc/arm-none-eabi/7.3.1/../../../../arm-none-eabi/lib/thumb/v7e-m/fpv4-sp/hard\libc_nano.a(lib_a-errno.o)
 .debug_frame   0x0000000000004864       0x2c c:/st/stm32cubeide_1.0.2/stm32cubeide/plugins/com.st.stm32cube.ide.mcu.externaltools.gnu-tools-for-stm32.7-2018-q2-update.win32_1.0.0.201904181610/tools/bin/../lib/gcc/arm-none-eabi/7.3.1/../../../../arm-none-eabi/lib/thumb/v7e-m/fpv4-sp/hard\libc_nano.a(lib_a-init.o)
 .debug_frame   0x0000000000004890       0x20 c:/st/stm32cubeide_1.0.2/stm32cubeide/plugins/com.st.stm32cube.ide.mcu.externaltools.gnu-tools-for-stm32.7-2018-q2-update.win32_1.0.0.201904181610/tools/bin/../lib/gcc/arm-none-eabi/7.3.1/../../../../arm-none-eabi/lib/thumb/v7e-m/fpv4-sp/hard\libc_nano.a(lib_a-memset.o)
 .debug_frame   0x00000000000048b0       0x6c c:/st/stm32cubeide_1.0.2/stm32cubeide/plugins/com.st.stm32cube.ide.mcu.externaltools.gnu-tools-for-stm32.7-2018-q2-update.win32_1.0.0.201904181610/tools/bin/../lib/gcc/arm-none-eabi/7.3.1/../../../../arm-none-eabi/lib/thumb/v7e-m/fpv4-sp/hard\libc_nano.a(lib_a-sprintf.o)
 .debug_frame   0x000000000000491c       0x90 c:/st/stm32cubeide_1.0.2/stm32cubeide/plugins/com.st.stm32cube.ide.mcu.externaltools.gnu-tools-for-stm32.7-2018-q2-update.win32_1.0.0.201904181610/tools/bin/../lib/gcc/arm-none-eabi/7.3.1/../../../../arm-none-eabi/lib/thumb/v7e-m/fpv4-sp/hard\libc_nano.a(lib_a-nano-svfprintf.o)
 .debug_frame   0x00000000000049ac       0x60 c:/st/stm32cubeide_1.0.2/stm32cubeide/plugins/com.st.stm32cube.ide.mcu.externaltools.gnu-tools-for-stm32.7-2018-q2-update.win32_1.0.0.201904181610/tools/bin/../lib/gcc/arm-none-eabi/7.3.1/../../../../arm-none-eabi/lib/thumb/v7e-m/fpv4-sp/hard\libc_nano.a(lib_a-nano-vfprintf_i.o)
 .debug_frame   0x0000000000004a0c       0x28 c:/st/stm32cubeide_1.0.2/stm32cubeide/plugins/com.st.stm32cube.ide.mcu.externaltools.gnu-tools-for-stm32.7-2018-q2-update.win32_1.0.0.201904181610/tools/bin/../lib/gcc/arm-none-eabi/7.3.1/../../../../arm-none-eabi/lib/thumb/v7e-m/fpv4-sp/hard\libc_nano.a(lib_a-memcpy-stub.o)
 .debug_frame   0x0000000000004a34       0x28 c:/st/stm32cubeide_1.0.2/stm32cubeide/plugins/com.st.stm32cube.ide.mcu.externaltools.gnu-tools-for-stm32.7-2018-q2-update.win32_1.0.0.201904181610/tools/bin/../lib/gcc/arm-none-eabi/7.3.1/../../../../arm-none-eabi/lib/thumb/v7e-m/fpv4-sp/hard\libc_nano.a(lib_a-memmove.o)
 .debug_frame   0x0000000000004a5c       0x38 c:/st/stm32cubeide_1.0.2/stm32cubeide/plugins/com.st.stm32cube.ide.mcu.externaltools.gnu-tools-for-stm32.7-2018-q2-update.win32_1.0.0.201904181610/tools/bin/../lib/gcc/arm-none-eabi/7.3.1/../../../../arm-none-eabi/lib/thumb/v7e-m/fpv4-sp/hard\libc_nano.a(lib_a-nano-freer.o)
 .debug_frame   0x0000000000004a94       0x2c c:/st/stm32cubeide_1.0.2/stm32cubeide/plugins/com.st.stm32cube.ide.mcu.externaltools.gnu-tools-for-stm32.7-2018-q2-update.win32_1.0.0.201904181610/tools/bin/../lib/gcc/arm-none-eabi/7.3.1/../../../../arm-none-eabi/lib/thumb/v7e-m/fpv4-sp/hard\libc_nano.a(lib_a-nano-mallocr.o)
 .debug_frame   0x0000000000004ac0       0x3c c:/st/stm32cubeide_1.0.2/stm32cubeide/plugins/com.st.stm32cube.ide.mcu.externaltools.gnu-tools-for-stm32.7-2018-q2-update.win32_1.0.0.201904181610/tools/bin/../lib/gcc/arm-none-eabi/7.3.1/../../../../arm-none-eabi/lib/thumb/v7e-m/fpv4-sp/hard\libc_nano.a(lib_a-nano-reallocr.o)
 .debug_frame   0x0000000000004afc       0x2c c:/st/stm32cubeide_1.0.2/stm32cubeide/plugins/com.st.stm32cube.ide.mcu.externaltools.gnu-tools-for-stm32.7-2018-q2-update.win32_1.0.0.201904181610/tools/bin/../lib/gcc/arm-none-eabi/7.3.1/../../../../arm-none-eabi/lib/thumb/v7e-m/fpv4-sp/hard\libc_nano.a(lib_a-sbrkr.o)
 .debug_frame   0x0000000000004b28       0x30 c:/st/stm32cubeide_1.0.2/stm32cubeide/plugins/com.st.stm32cube.ide.mcu.externaltools.gnu-tools-for-stm32.7-2018-q2-update.win32_1.0.0.201904181610/tools/bin/../lib/gcc/arm-none-eabi/7.3.1/../../../../arm-none-eabi/lib/thumb/v7e-m/fpv4-sp/hard\libc_nano.a(lib_a-mlock.o)
 .debug_frame   0x0000000000004b58       0x20 c:/st/stm32cubeide_1.0.2/stm32cubeide/plugins/com.st.stm32cube.ide.mcu.externaltools.gnu-tools-for-stm32.7-2018-q2-update.win32_1.0.0.201904181610/tools/bin/../lib/gcc/arm-none-eabi/7.3.1/../../../../arm-none-eabi/lib/thumb/v7e-m/fpv4-sp/hard\libc_nano.a(lib_a-nano-msizer.o)
 .debug_frame   0x0000000000004b78       0x5c c:/st/stm32cubeide_1.0.2/stm32cubeide/plugins/com.st.stm32cube.ide.mcu.externaltools.gnu-tools-for-stm32.7-2018-q2-update.win32_1.0.0.201904181610/tools/bin/../lib/gcc/arm-none-eabi/7.3.1/../../../../arm-none-eabi/lib/thumb/v7e-m/fpv4-sp/hard\libc_nano.a(lib_a-reent.o)
 .debug_frame   0x0000000000004bd4       0xac c:/st/stm32cubeide_1.0.2/stm32cubeide/plugins/com.st.stm32cube.ide.mcu.externaltools.gnu-tools-for-stm32.7-2018-q2-update.win32_1.0.0.201904181610/tools/bin/../lib/gcc/arm-none-eabi/7.3.1/thumb/v7e-m/fpv4-sp/hard\libgcc.a(_arm_addsubdf3.o)
 .debug_frame   0x0000000000004c80       0x50 c:/st/stm32cubeide_1.0.2/stm32cubeide/plugins/com.st.stm32cube.ide.mcu.externaltools.gnu-tools-for-stm32.7-2018-q2-update.win32_1.0.0.201904181610/tools/bin/../lib/gcc/arm-none-eabi/7.3.1/thumb/v7e-m/fpv4-sp/hard\libgcc.a(_arm_muldivdf3.o)
 .debug_frame   0x0000000000004cd0       0x24 c:/st/stm32cubeide_1.0.2/stm32cubeide/plugins/com.st.stm32cube.ide.mcu.externaltools.gnu-tools-for-stm32.7-2018-q2-update.win32_1.0.0.201904181610/tools/bin/../lib/gcc/arm-none-eabi/7.3.1/thumb/v7e-m/fpv4-sp/hard\libgcc.a(_arm_fixdfsi.o)
 .debug_frame   0x0000000000004cf4       0x24 c:/st/stm32cubeide_1.0.2/stm32cubeide/plugins/com.st.stm32cube.ide.mcu.externaltools.gnu-tools-for-stm32.7-2018-q2-update.win32_1.0.0.201904181610/tools/bin/../lib/gcc/arm-none-eabi/7.3.1/thumb/v7e-m/fpv4-sp/hard\libgcc.a(_arm_fixunsdfsi.o)
 .debug_frame   0x0000000000004d18       0x2c c:/st/stm32cubeide_1.0.2/stm32cubeide/plugins/com.st.stm32cube.ide.mcu.externaltools.gnu-tools-for-stm32.7-2018-q2-update.win32_1.0.0.201904181610/tools/bin/../lib/gcc/arm-none-eabi/7.3.1/thumb/v7e-m/fpv4-sp/hard\libgcc.a(_aeabi_uldivmod.o)
 .debug_frame   0x0000000000004d44       0x34 c:/st/stm32cubeide_1.0.2/stm32cubeide/plugins/com.st.stm32cube.ide.mcu.externaltools.gnu-tools-for-stm32.7-2018-q2-update.win32_1.0.0.201904181610/tools/bin/../lib/gcc/arm-none-eabi/7.3.1/thumb/v7e-m/fpv4-sp/hard\libgcc.a(_udivmoddi4.o)
