main.c:82:6:delay	16	static
main.c:87:12:hcsr04_read	16	static
main.c:110:15:rtc_read	80	static
main.c:135:14:getTime	24	static
main.c:140:7:canNotify	32	static
main.c:151:6:setCurTime	8	static
main.c:160:6:initNotify	16	static
main.c:167:6:notify	24	static
main.c:176:10:readFromSensor	16	static
main.c:189:5:main	24	static
main.c:264:6:SystemClock_Config	104	static
main.c:315:13:MX_I2C1_Init	8	static
main.c:349:13:MX_RTC_Init	32	static
main.c:411:13:MX_SPI1_Init	8	static
main.c:449:13:MX_TIM4_Init	64	static
main.c:508:13:MX_USART2_UART_Init	8	static
main.c:541:13:MX_GPIO_Init	56	static
main.c:650:6:Error_Handler	4	static
